Archive member included to satisfy reference by file (symbol)

d:/program1/stm32cube/stm32cubeide_1.7.0/stm32cubeide/plugins/com.st.stm32cube.ide.mcu.externaltools.gnu-tools-for-stm32.10.3-2021.10.win32_1.0.0.202111181127/tools/bin/../lib/gcc/arm-none-eabi/10.3.1/../../../../arm-none-eabi/lib/thumb/v7-m/nofp\libc_nano.a(lib_a-errno.o)
                              ./Core/Src/syscalls.o (__errno)
d:/program1/stm32cube/stm32cubeide_1.7.0/stm32cubeide/plugins/com.st.stm32cube.ide.mcu.externaltools.gnu-tools-for-stm32.10.3-2021.10.win32_1.0.0.202111181127/tools/bin/../lib/gcc/arm-none-eabi/10.3.1/../../../../arm-none-eabi/lib/thumb/v7-m/nofp\libc_nano.a(lib_a-exit.o)
                              d:/program1/stm32cube/stm32cubeide_1.7.0/stm32cubeide/plugins/com.st.stm32cube.ide.mcu.externaltools.gnu-tools-for-stm32.10.3-2021.10.win32_1.0.0.202111181127/tools/bin/../lib/gcc/arm-none-eabi/10.3.1/../../../../arm-none-eabi/lib/thumb/v7-m/nofp/crt0.o (exit)
d:/program1/stm32cube/stm32cubeide_1.7.0/stm32cubeide/plugins/com.st.stm32cube.ide.mcu.externaltools.gnu-tools-for-stm32.10.3-2021.10.win32_1.0.0.202111181127/tools/bin/../lib/gcc/arm-none-eabi/10.3.1/../../../../arm-none-eabi/lib/thumb/v7-m/nofp\libc_nano.a(lib_a-impure.o)
                              d:/program1/stm32cube/stm32cubeide_1.7.0/stm32cubeide/plugins/com.st.stm32cube.ide.mcu.externaltools.gnu-tools-for-stm32.10.3-2021.10.win32_1.0.0.202111181127/tools/bin/../lib/gcc/arm-none-eabi/10.3.1/../../../../arm-none-eabi/lib/thumb/v7-m/nofp\libc_nano.a(lib_a-exit.o) (_global_impure_ptr)
d:/program1/stm32cube/stm32cubeide_1.7.0/stm32cubeide/plugins/com.st.stm32cube.ide.mcu.externaltools.gnu-tools-for-stm32.10.3-2021.10.win32_1.0.0.202111181127/tools/bin/../lib/gcc/arm-none-eabi/10.3.1/../../../../arm-none-eabi/lib/thumb/v7-m/nofp\libc_nano.a(lib_a-init.o)
                              d:/program1/stm32cube/stm32cubeide_1.7.0/stm32cubeide/plugins/com.st.stm32cube.ide.mcu.externaltools.gnu-tools-for-stm32.10.3-2021.10.win32_1.0.0.202111181127/tools/bin/../lib/gcc/arm-none-eabi/10.3.1/../../../../arm-none-eabi/lib/thumb/v7-m/nofp/crt0.o (__libc_init_array)
d:/program1/stm32cube/stm32cubeide_1.7.0/stm32cubeide/plugins/com.st.stm32cube.ide.mcu.externaltools.gnu-tools-for-stm32.10.3-2021.10.win32_1.0.0.202111181127/tools/bin/../lib/gcc/arm-none-eabi/10.3.1/../../../../arm-none-eabi/lib/thumb/v7-m/nofp\libc_nano.a(lib_a-memset.o)
                              d:/program1/stm32cube/stm32cubeide_1.7.0/stm32cubeide/plugins/com.st.stm32cube.ide.mcu.externaltools.gnu-tools-for-stm32.10.3-2021.10.win32_1.0.0.202111181127/tools/bin/../lib/gcc/arm-none-eabi/10.3.1/../../../../arm-none-eabi/lib/thumb/v7-m/nofp/crt0.o (memset)
d:/program1/stm32cube/stm32cubeide_1.7.0/stm32cubeide/plugins/com.st.stm32cube.ide.mcu.externaltools.gnu-tools-for-stm32.10.3-2021.10.win32_1.0.0.202111181127/tools/bin/../lib/gcc/arm-none-eabi/10.3.1/../../../../arm-none-eabi/lib/thumb/v7-m/nofp\libc_nano.a(lib_a-sprintf.o)
                              ./BSP/bsp.o (sprintf)
d:/program1/stm32cube/stm32cubeide_1.7.0/stm32cubeide/plugins/com.st.stm32cube.ide.mcu.externaltools.gnu-tools-for-stm32.10.3-2021.10.win32_1.0.0.202111181127/tools/bin/../lib/gcc/arm-none-eabi/10.3.1/../../../../arm-none-eabi/lib/thumb/v7-m/nofp\libc_nano.a(lib_a-nano-svfprintf.o)
                              d:/program1/stm32cube/stm32cubeide_1.7.0/stm32cubeide/plugins/com.st.stm32cube.ide.mcu.externaltools.gnu-tools-for-stm32.10.3-2021.10.win32_1.0.0.202111181127/tools/bin/../lib/gcc/arm-none-eabi/10.3.1/../../../../arm-none-eabi/lib/thumb/v7-m/nofp\libc_nano.a(lib_a-sprintf.o) (_svfprintf_r)
d:/program1/stm32cube/stm32cubeide_1.7.0/stm32cubeide/plugins/com.st.stm32cube.ide.mcu.externaltools.gnu-tools-for-stm32.10.3-2021.10.win32_1.0.0.202111181127/tools/bin/../lib/gcc/arm-none-eabi/10.3.1/../../../../arm-none-eabi/lib/thumb/v7-m/nofp\libc_nano.a(lib_a-nano-vfprintf_i.o)
                              d:/program1/stm32cube/stm32cubeide_1.7.0/stm32cubeide/plugins/com.st.stm32cube.ide.mcu.externaltools.gnu-tools-for-stm32.10.3-2021.10.win32_1.0.0.202111181127/tools/bin/../lib/gcc/arm-none-eabi/10.3.1/../../../../arm-none-eabi/lib/thumb/v7-m/nofp\libc_nano.a(lib_a-nano-svfprintf.o) (_printf_i)
d:/program1/stm32cube/stm32cubeide_1.7.0/stm32cubeide/plugins/com.st.stm32cube.ide.mcu.externaltools.gnu-tools-for-stm32.10.3-2021.10.win32_1.0.0.202111181127/tools/bin/../lib/gcc/arm-none-eabi/10.3.1/../../../../arm-none-eabi/lib/thumb/v7-m/nofp\libc_nano.a(lib_a-memchr-stub.o)
                              d:/program1/stm32cube/stm32cubeide_1.7.0/stm32cubeide/plugins/com.st.stm32cube.ide.mcu.externaltools.gnu-tools-for-stm32.10.3-2021.10.win32_1.0.0.202111181127/tools/bin/../lib/gcc/arm-none-eabi/10.3.1/../../../../arm-none-eabi/lib/thumb/v7-m/nofp\libc_nano.a(lib_a-nano-svfprintf.o) (memchr)
[...]
Memory Configuration

Name             Origin             Length             Attributes
RAM              0x0000000020000000 0x000000000000c000 xrw
FLASH            0x0000000008000000 0x0000000000040000 xr
*default*        0x0000000000000000 0xffffffffffffffff

Linker script and memory map

LOAD d:/program1/stm32cube/stm32cubeide_1.7.0/stm32cubeide/plugins/com.st.stm32cube.ide.mcu.externaltools.gnu-tools-for-stm32.10.3-2021.10.win32_1.0.0.202111181127/tools/bin/../lib/gcc/arm-none-eabi/10.3.1/thumb/v7-m/nofp/crti.o
LOAD d:/program1/stm32cube/stm32cubeide_1.7.0/stm32cubeide/plugins/com.st.stm32cube.ide.mcu.externaltools.gnu-tools-for-stm32.10.3-2021.10.win32_1.0.0.202111181127/tools/bin/../lib/gcc/arm-none-eabi/10.3.1/thumb/v7-m/nofp/crtbegin.o
LOAD d:/program1/stm32cube/stm32cubeide_1.7.0/stm32cubeide/plugins/com.st.stm32cube.ide.mcu.externaltools.gnu-tools-for-stm32.10.3-2021.10.win32_1.0.0.202111181127/tools/bin/../lib/gcc/arm-none-eabi/10.3.1/../../../../arm-none-eabi/lib/thumb/v7-m/nofp/crt0.o
LOAD ./BSP/bsp.o
LOAD ./BSP/bsp_beep.o
LOAD ./BSP/bsp_io_i2c.o
LOAD ./BSP/bsp_key.o
LOAD ./BSP/bsp_oled.o
LOAD ./BSP/bsp_ssd1306.o
LOAD ./BSP/oled_fonts.o
LOAD ./Core/Src/dma.o
LOAD ./Core/Src/gpio.o
LOAD ./Core/Src/main.o
LOAD ./Core/Src/stm32f1xx_hal_msp.o
LOAD ./Core/Src/stm32f1xx_it.o
LOAD ./Core/Src/syscalls.o
LOAD ./Core/Src/sysmem.o
LOAD ./Core/Src/system_stm32f1xx.o
LOAD ./Core/Src/usart.o
LOAD ./Core/Startup/startup_stm32f103rctx.o
LOAD ./Drivers/STM32F1xx_HAL_Driver/Src/stm32f1xx_hal.o
LOAD ./Drivers/STM32F1xx_HAL_Driver/Src/stm32f1xx_hal_cortex.o
LOAD ./Drivers/STM32F1xx_HAL_Driver/Src/stm32f1xx_hal_dma.o
LOAD ./Drivers/STM32F1xx_HAL_Driver/Src/stm32f1xx_hal_exti.o
LOAD ./Drivers/STM32F1xx_HAL_Driver/Src/stm32f1xx_hal_flash.o
LOAD ./Drivers/STM32F1xx_HAL_Driver/Src/stm32f1xx_hal_flash_ex.o
LOAD ./Drivers/STM32F1xx_HAL_Driver/Src/stm32f1xx_hal_gpio.o
LOAD ./Drivers/STM32F1xx_HAL_Driver/Src/stm32f1xx_hal_gpio_ex.o
LOAD ./Drivers/STM32F1xx_HAL_Driver/Src/stm32f1xx_hal_pwr.o
LOAD ./Drivers/STM32F1xx_HAL_Driver/Src/stm32f1xx_hal_rcc.o
LOAD ./Drivers/STM32F1xx_HAL_Driver/Src/stm32f1xx_hal_rcc_ex.o
LOAD ./Drivers/STM32F1xx_HAL_Driver/Src/stm32f1xx_hal_tim.o
LOAD ./Drivers/STM32F1xx_HAL_Driver/Src/stm32f1xx_hal_tim_ex.o
LOAD ./Drivers/STM32F1xx_HAL_Driver/Src/stm32f1xx_hal_uart.o
START GROUP
LOAD d:/program1/stm32cube/stm32cubeide_1.7.0/stm32cubeide/plugins/com.st.stm32cube.ide.mcu.externaltools.gnu-tools-for-stm32.10.3-2021.10.win32_1.0.0.202111181127/tools/bin/../lib/gcc/arm-none-eabi/10.3.1/../../../../arm-none-eabi/lib/thumb/v7-m/nofp\libc_nano.a
LOAD d:/program1/stm32cube/stm32cubeide_1.7.0/stm32cubeide/plugins/com.st.stm32cube.ide.mcu.externaltools.gnu-tools-for-stm32.10.3-2021.10.win32_1.0.0.202111181127/tools/bin/../lib/gcc/arm-none-eabi/10.3.1/../../../../arm-none-eabi/lib/thumb/v7-m/nofp\libm.a
END GROUP
START GROUP
LOAD d:/program1/stm32cube/stm32cubeide_1.7.0/stm32cubeide/plugins/com.st.stm32cube.ide.mcu.externaltools.gnu-tools-for-stm32.10.3-2021.10.win32_1.0.0.202111181127/tools/bin/../lib/gcc/arm-none-eabi/10.3.1/thumb/v7-m/nofp\libgcc.a
LOAD d:/program1/stm32cube/stm32cubeide_1.7.0/stm32cubeide/plugins/com.st.stm32cube.ide.mcu.externaltools.gnu-tools-for-stm32.10.3-2021.10.win32_1.0.0.202111181127/tools/bin/../lib/gcc/arm-none-eabi/10.3.1/../../../../arm-none-eabi/lib/thumb/v7-m/nofp\libc_nano.a
END GROUP
START GROUP
LOAD d:/program1/stm32cube/stm32cubeide_1.7.0/stm32cubeide/plugins/com.st.stm32cube.ide.mcu.externaltools.gnu-tools-for-stm32.10.3-2021.10.win32_1.0.0.202111181127/tools/bin/../lib/gcc/arm-none-eabi/10.3.1/thumb/v7-m/nofp\libgcc.a
LOAD d:/program1/stm32cube/stm32cubeide_1.7.0/stm32cubeide/plugins/com.st.stm32cube.ide.mcu.externaltools.gnu-tools-for-stm32.10.3-2021.10.win32_1.0.0.202111181127/tools/bin/../lib/gcc/arm-none-eabi/10.3.1/../../../../arm-none-eabi/lib/thumb/v7-m/nofp\libc_nano.a
LOAD d:/program1/stm32cube/stm32cubeide_1.7.0/stm32cubeide/plugins/com.st.stm32cube.ide.mcu.externaltools.gnu-tools-for-stm32.10.3-2021.10.win32_1.0.0.202111181127/tools/bin/../lib/gcc/arm-none-eabi/10.3.1/../../../../arm-none-eabi/lib/thumb/v7-m/nofp\libnosys.a
END GROUP
START GROUP
LOAD d:/program1/stm32cube/stm32cubeide_1.7.0/stm32cubeide/plugins/com.st.stm32cube.ide.mcu.externaltools.gnu-tools-for-stm32.10.3-2021.10.win32_1.0.0.202111181127/tools/bin/../lib/gcc/arm-none-eabi/10.3.1/thumb/v7-m/nofp\libgcc.a
LOAD d:/program1/stm32cube/stm32cubeide_1.7.0/stm32cubeide/plugins/com.st.stm32cube.ide.mcu.externaltools.gnu-tools-for-stm32.10.3-2021.10.win32_1.0.0.202111181127/tools/bin/../lib/gcc/arm-none-eabi/10.3.1/../../../../arm-none-eabi/lib/thumb/v7-m/nofp\libc_nano.a
LOAD d:/program1/stm32cube/stm32cubeide_1.7.0/stm32cubeide/plugins/com.st.stm32cube.ide.mcu.externaltools.gnu-tools-for-stm32.10.3-2021.10.win32_1.0.0.202111181127/tools/bin/../lib/gcc/arm-none-eabi/10.3.1/../../../../arm-none-eabi/lib/thumb/v7-m/nofp\libnosys.a
END GROUP
LOAD d:/program1/stm32cube/stm32cubeide_1.7.0/stm32cubeide/plugins/com.st.stm32cube.ide.mcu.externaltools.gnu-tools-for-stm32.10.3-2021.10.win32_1.0.0.202111181127/tools/bin/../lib/gcc/arm-none-eabi/10.3.1/thumb/v7-m/nofp/crtend.o
LOAD d:/program1/stm32cube/stm32cubeide_1.7.0/stm32cubeide/plugins/com.st.stm32cube.ide.mcu.externaltools.gnu-tools-for-stm32.10.3-2021.10.win32_1.0.0.202111181127/tools/bin/../lib/gcc/arm-none-eabi/10.3.1/thumb/v7-m/nofp/crtn.o
                0x000000002000c000                _estack = (ORIGIN (RAM) + LENGTH (RAM))
                0x0000000000000200                _Min_Heap_Size = 0x200
                0x0000000000000400                _Min_Stack_Size = 0x400

.isr_vector     0x0000000008000000      0x1e4
                0x0000000008000000                . = ALIGN (0x4)
 *(.isr_vector)
 .isr_vector    0x0000000008000000      0x1e4 ./Core/Startup/startup_stm32f103rctx.o
                0x0000000008000000                g_pfnVectors
                0x00000000080001e4                . = ALIGN (0x4)

.text           0x00000000080001e4     0x3a20
                0x00000000080001e4                . = ALIGN (0x4)
 *(.text)
 .text          0x00000000080001e4       0x40 d:/program1/stm32cube/stm32cubeide_1.7.0/stm32cubeide/plugins/com.st.stm32cube.ide.mcu.externaltools.gnu-tools-for-stm32.10.3-2021.10.win32_1.0.0.202111181127/tools/bin/../lib/gcc/arm-none-eabi/10.3.1/thumb/v7-m/nofp/crtbegin.o
 *(.text*)
 .text.Bsp_Led_Show_State_Handle
                0x0000000008000224       0x34 ./BSP/bsp.o
                0x0000000008000224                Bsp_Led_Show_State_Handle
 .text.Bsp_Init
                0x0000000008000258       0x4c ./BSP/bsp.o
                0x0000000008000258                Bsp_Init
 .text.Bsp_Loop
                0x00000000080002a4       0x9c ./BSP/bsp.o
                0x00000000080002a4                Bsp_Loop
 .text.Beep_Set_Time
                0x0000000008000340       0x20 ./BSP/bsp_beep.o
 .text.Beep_Get_Time
                0x0000000008000360       0x14 ./BSP/bsp_beep.o
 .text.Beep_Set_State
                0x0000000008000374       0x20 ./BSP/bsp_beep.o
 .text.Beep_Get_State
                0x0000000008000394       0x14 ./BSP/bsp_beep.o
 .text.Beep_On_Time
                0x00000000080003a8       0x80 ./BSP/bsp_beep.o
                0x00000000080003a8                Beep_On_Time
 .text.Beep_Timeout_Close_Handle
                0x0000000008000428       0x44 ./BSP/bsp_beep.o
                0x0000000008000428                Beep_Timeout_Close_Handle
 .text.Delay_For_Pin
                0x000000000800046c       0x3a ./BSP/bsp_io_i2c.o
 *fill*         0x00000000080004a6        0x2 
 .text.IIC_Start
                0x00000000080004a8       0x60 ./BSP/bsp_io_i2c.o
                0x00000000080004a8                IIC_Start
 .text.IIC_Stop
                0x0000000008000508       0x60 ./BSP/bsp_io_i2c.o
                0x0000000008000508                IIC_Stop
 .text.IIC_Wait_Ack
                0x0000000008000568       0x88 ./BSP/bsp_io_i2c.o
                0x0000000008000568                IIC_Wait_Ack
 .text.IIC_Send_Byte
                0x00000000080005f0       0x90 ./BSP/bsp_io_i2c.o
                0x00000000080005f0                IIC_Send_Byte
 .text.IIC_Write_Byte
                0x0000000008000680       0x68 ./BSP/bsp_io_i2c.o
                0x0000000008000680                IIC_Write_Byte
 .text.IIC_Write_Len
                0x00000000080006e8       0x84 ./BSP/bsp_io_i2c.o
                0x00000000080006e8                IIC_Write_Len
 .text.Key1_is_Press
                0x000000000800076c       0x20 ./BSP/bsp_key.o
 .text.Key1_State
                0x000000000800078c       0x54 ./BSP/bsp_key.o
                0x000000000800078c                Key1_State
 .text.OLED_Clear
                0x00000000080007e0        0xe ./BSP/bsp_oled.o
                0x00000000080007e0                OLED_Clear
 .text.OLED_Refresh
                0x00000000080007ee        0xc ./BSP/bsp_oled.o
                0x00000000080007ee                OLED_Refresh
 *fill*         0x00000000080007fa        0x2 
 .text.OLED_Draw_String
                0x00000000080007fc       0x54 ./BSP/bsp_oled.o
                0x00000000080007fc                OLED_Draw_String
 .text.OLED_Draw_Line
                0x0000000008000850       0x4e ./BSP/bsp_oled.o
                0x0000000008000850                OLED_Draw_Line
 *fill*         0x000000000800089e        0x2 
 .text.SSD1306_Init
                0x00000000080008a0      0x15c ./BSP/bsp_ssd1306.o
                0x00000000080008a0                SSD1306_Init
 .text.SSD1306_UpdateScreen
                0x00000000080009fc       0x5c ./BSP/bsp_ssd1306.o
                0x00000000080009fc                SSD1306_UpdateScreen
 .text.SSD1306_Fill
                0x0000000008000a58       0x30 ./BSP/bsp_ssd1306.o
                0x0000000008000a58                SSD1306_Fill
 .text.SSD1306_DrawPixel
                0x0000000008000a88       0xbc ./BSP/bsp_ssd1306.o
                0x0000000008000a88                SSD1306_DrawPixel
 .text.SSD1306_GotoXY
                0x0000000008000b44       0x2c ./BSP/bsp_ssd1306.o
                0x0000000008000b44                SSD1306_GotoXY
 .text.SSD1306_Putc
                0x0000000008000b70      0x100 ./BSP/bsp_ssd1306.o
                0x0000000008000b70                SSD1306_Putc
 .text.SSD1306_Puts
                0x0000000008000c70       0x4a ./BSP/bsp_ssd1306.o
                0x0000000008000c70                SSD1306_Puts
 .text.ssd1306_I2C_WriteMulti
                0x0000000008000cba       0x2c ./BSP/bsp_ssd1306.o
                0x0000000008000cba                ssd1306_I2C_WriteMulti
 .text.ssd1306_I2C_Write
                0x0000000008000ce6       0x26 ./BSP/bsp_ssd1306.o
                0x0000000008000ce6                ssd1306_I2C_Write
 .text.MX_DMA_Init
                0x0000000008000d0c       0x3c ./Core/Src/dma.o
                0x0000000008000d0c                MX_DMA_Init
 .text.MX_GPIO_Init
                0x0000000008000d48       0xf8 ./Core/Src/gpio.o
                0x0000000008000d48                MX_GPIO_Init
 .text.main     0x0000000008000e40       0x22 ./Core/Src/main.o
                0x0000000008000e40                main
 .text.SystemClock_Config
                0x0000000008000e62       0x8a ./Core/Src/main.o
                0x0000000008000e62                SystemClock_Config
 .text.Error_Handler
                0x0000000008000eec        0xa ./Core/Src/main.o
                0x0000000008000eec                Error_Handler
 *fill*         0x0000000008000ef6        0x2 
 .text.HAL_MspInit
                0x0000000008000ef8       0x64 ./Core/Src/stm32f1xx_hal_msp.o
                0x0000000008000ef8                HAL_MspInit
 .text.NMI_Handler
                0x0000000008000f5c        0x6 ./Core/Src/stm32f1xx_it.o
                0x0000000008000f5c                NMI_Handler
 .text.HardFault_Handler
                0x0000000008000f62        0x6 ./Core/Src/stm32f1xx_it.o
                0x0000000008000f62                HardFault_Handler
 .text.MemManage_Handler
                0x0000000008000f68        0x6 ./Core/Src/stm32f1xx_it.o
                0x0000000008000f68                MemManage_Handler
 .text.BusFault_Handler
                0x0000000008000f6e        0x6 ./Core/Src/stm32f1xx_it.o
                0x0000000008000f6e                BusFault_Handler
 .text.UsageFault_Handler
                0x0000000008000f74        0x6 ./Core/Src/stm32f1xx_it.o
                0x0000000008000f74                UsageFault_Handler
 .text.SVC_Handler
                0x0000000008000f7a        0xc ./Core/Src/stm32f1xx_it.o
                0x0000000008000f7a                SVC_Handler
 .text.DebugMon_Handler
                0x0000000008000f86        0xc ./Core/Src/stm32f1xx_it.o
                0x0000000008000f86                DebugMon_Handler
 .text.PendSV_Handler
                0x0000000008000f92        0xc ./Core/Src/stm32f1xx_it.o
                0x0000000008000f92                PendSV_Handler
 .text.SysTick_Handler
                0x0000000008000f9e        0xc ./Core/Src/stm32f1xx_it.o
                0x0000000008000f9e                SysTick_Handler
 *fill*         0x0000000008000faa        0x2 
 .text.DMA1_Channel4_IRQHandler
                0x0000000008000fac       0x14 ./Core/Src/stm32f1xx_it.o
                0x0000000008000fac                DMA1_Channel4_IRQHandler
 .text.USART1_IRQHandler
                0x0000000008000fc0       0x14 ./Core/Src/stm32f1xx_it.o
                0x0000000008000fc0                USART1_IRQHandler
 .text._sbrk    0x0000000008000fd4       0x6c ./Core/Src/sysmem.o
                0x0000000008000fd4                _sbrk
 .text.SystemInit
                0x0000000008001040        0xc ./Core/Src/system_stm32f1xx.o
                0x0000000008001040                SystemInit
 .text.MX_USART1_UART_Init
                0x000000000800104c       0x54 ./Core/Src/usart.o
                0x000000000800104c                MX_USART1_UART_Init
 .text.HAL_UART_MspInit
                0x00000000080010a0       0xfc ./Core/Src/usart.o
                0x00000000080010a0                HAL_UART_MspInit
 .text.Reset_Handler
                0x000000000800119c       0x48 ./Core/Startup/startup_stm32f103rctx.o
                0x000000000800119c                Reset_Handler
 .text.Default_Handler
                0x00000000080011e4        0x2 ./Core/Startup/startup_stm32f103rctx.o
                0x00000000080011e4                RTC_Alarm_IRQHandler
                0x00000000080011e4                EXTI2_IRQHandler
                0x00000000080011e4                TIM8_TRG_COM_IRQHandler
                0x00000000080011e4                TIM8_CC_IRQHandler
                0x00000000080011e4                TIM1_CC_IRQHandler
                0x00000000080011e4                TIM6_IRQHandler
                0x00000000080011e4                PVD_IRQHandler
                0x00000000080011e4                SDIO_IRQHandler
                0x00000000080011e4                EXTI3_IRQHandler
                0x00000000080011e4                EXTI0_IRQHandler
                0x00000000080011e4                I2C2_EV_IRQHandler
                0x00000000080011e4                ADC1_2_IRQHandler
                0x00000000080011e4                SPI1_IRQHandler
                0x00000000080011e4                TAMPER_IRQHandler
                0x00000000080011e4                TIM8_UP_IRQHandler
                0x00000000080011e4                DMA2_Channel2_IRQHandler
                0x00000000080011e4                USART3_IRQHandler
                0x00000000080011e4                RTC_IRQHandler
                0x00000000080011e4                DMA1_Channel7_IRQHandler
                0x00000000080011e4                CAN1_RX1_IRQHandler
                0x00000000080011e4                UART5_IRQHandler
                0x00000000080011e4                ADC3_IRQHandler
                0x00000000080011e4                TIM4_IRQHandler
                0x00000000080011e4                DMA2_Channel1_IRQHandler
                0x00000000080011e4                I2C1_EV_IRQHandler
                0x00000000080011e4                DMA1_Channel6_IRQHandler
                0x00000000080011e4                UART4_IRQHandler
                0x00000000080011e4                TIM3_IRQHandler
                0x00000000080011e4                RCC_IRQHandler
                0x00000000080011e4                TIM1_TRG_COM_IRQHandler
                0x00000000080011e4                DMA1_Channel1_IRQHandler
                0x00000000080011e4                Default_Handler
                0x00000000080011e4                EXTI15_10_IRQHandler
                0x00000000080011e4                TIM7_IRQHandler
                0x00000000080011e4                TIM5_IRQHandler
                0x00000000080011e4                EXTI9_5_IRQHandler
                0x00000000080011e4                SPI2_IRQHandler
                0x00000000080011e4                DMA1_Channel5_IRQHandler
                0x00000000080011e4                EXTI4_IRQHandler
                0x00000000080011e4                USB_LP_CAN1_RX0_IRQHandler
                0x00000000080011e4                USB_HP_CAN1_TX_IRQHandler
                0x00000000080011e4                DMA1_Channel3_IRQHandler
                0x00000000080011e4                FSMC_IRQHandler
                0x00000000080011e4                TIM1_UP_IRQHandler
                0x00000000080011e4                WWDG_IRQHandler
                0x00000000080011e4                TIM2_IRQHandler
                0x00000000080011e4                TIM1_BRK_IRQHandler
                0x00000000080011e4                EXTI1_IRQHandler
                0x00000000080011e4                DMA2_Channel4_5_IRQHandler
                0x00000000080011e4                USART2_IRQHandler
                0x00000000080011e4                I2C2_ER_IRQHandler
                0x00000000080011e4                DMA1_Channel2_IRQHandler
                0x00000000080011e4                TIM8_BRK_IRQHandler
                0x00000000080011e4                CAN1_SCE_IRQHandler
                0x00000000080011e4                FLASH_IRQHandler
                0x00000000080011e4                SPI3_IRQHandler
                0x00000000080011e4                I2C1_ER_IRQHandler
                0x00000000080011e4                USBWakeUp_IRQHandler
                0x00000000080011e4                DMA2_Channel3_IRQHandler
 *fill*         0x00000000080011e6        0x2 
 .text.HAL_Init
                0x00000000080011e8       0x2c ./Drivers/STM32F1xx_HAL_Driver/Src/stm32f1xx_hal.o
                0x00000000080011e8                HAL_Init
 .text.HAL_InitTick
                0x0000000008001214       0x60 ./Drivers/STM32F1xx_HAL_Driver/Src/stm32f1xx_hal.o
                0x0000000008001214                HAL_InitTick
 .text.HAL_IncTick
                0x0000000008001274       0x24 ./Drivers/STM32F1xx_HAL_Driver/Src/stm32f1xx_hal.o
                0x0000000008001274                HAL_IncTick
 .text.HAL_GetTick
                0x0000000008001298       0x14 ./Drivers/STM32F1xx_HAL_Driver/Src/stm32f1xx_hal.o
                0x0000000008001298                HAL_GetTick
 .text.HAL_Delay
                0x00000000080012ac       0x48 ./Drivers/STM32F1xx_HAL_Driver/Src/stm32f1xx_hal.o
                0x00000000080012ac                HAL_Delay
 .text.__NVIC_SetPriorityGrouping
                0x00000000080012f4       0x48 ./Drivers/STM32F1xx_HAL_Driver/Src/stm32f1xx_hal_cortex.o
 .text.__NVIC_GetPriorityGrouping
                0x000000000800133c       0x1c ./Drivers/STM32F1xx_HAL_Driver/Src/stm32f1xx_hal_cortex.o
 .text.__NVIC_EnableIRQ
                0x0000000008001358       0x38 ./Drivers/STM32F1xx_HAL_Driver/Src/stm32f1xx_hal_cortex.o
 .text.__NVIC_SetPriority
                0x0000000008001390       0x54 ./Drivers/STM32F1xx_HAL_Driver/Src/stm32f1xx_hal_cortex.o
 .text.NVIC_EncodePriority
                0x00000000080013e4       0x64 ./Drivers/STM32F1xx_HAL_Driver/Src/stm32f1xx_hal_cortex.o
 .text.SysTick_Config
                0x0000000008001448       0x44 ./Drivers/STM32F1xx_HAL_Driver/Src/stm32f1xx_hal_cortex.o
 .text.HAL_NVIC_SetPriorityGrouping
                0x000000000800148c       0x16 ./Drivers/STM32F1xx_HAL_Driver/Src/stm32f1xx_hal_cortex.o
                0x000000000800148c                HAL_NVIC_SetPriorityGrouping
 .text.HAL_NVIC_SetPriority
                0x00000000080014a2       0x38 ./Drivers/STM32F1xx_HAL_Driver/Src/stm32f1xx_hal_cortex.o
                0x00000000080014a2                HAL_NVIC_SetPriority
 .text.HAL_NVIC_EnableIRQ
                0x00000000080014da       0x1c ./Drivers/STM32F1xx_HAL_Driver/Src/stm32f1xx_hal_cortex.o
                0x00000000080014da                HAL_NVIC_EnableIRQ
 .text.HAL_SYSTICK_Config
                0x00000000080014f6       0x18 ./Drivers/STM32F1xx_HAL_Driver/Src/stm32f1xx_hal_cortex.o
                0x00000000080014f6                HAL_SYSTICK_Config
 *fill*         0x000000000800150e        0x2 
 .text.HAL_DMA_Init
                0x0000000008001510       0xec ./Drivers/STM32F1xx_HAL_Driver/Src/stm32f1xx_hal_dma.o
                0x0000000008001510                HAL_DMA_Init
 .text.HAL_DMA_Abort
                0x00000000080015fc       0x74 ./Drivers/STM32F1xx_HAL_Driver/Src/stm32f1xx_hal_dma.o
                0x00000000080015fc                HAL_DMA_Abort
 .text.HAL_DMA_Abort_IT
                0x0000000008001670      0x210 ./Drivers/STM32F1xx_HAL_Driver/Src/stm32f1xx_hal_dma.o
                0x0000000008001670                HAL_DMA_Abort_IT
 .text.HAL_DMA_IRQHandler
                0x0000000008001880      0x478 ./Drivers/STM32F1xx_HAL_Driver/Src/stm32f1xx_hal_dma.o
                0x0000000008001880                HAL_DMA_IRQHandler
 .text.HAL_GPIO_Init
                0x0000000008001cf8      0x328 ./Drivers/STM32F1xx_HAL_Driver/Src/stm32f1xx_hal_gpio.o
                0x0000000008001cf8                HAL_GPIO_Init
 .text.HAL_GPIO_ReadPin
                0x0000000008002020       0x2e ./Drivers/STM32F1xx_HAL_Driver/Src/stm32f1xx_hal_gpio.o
                0x0000000008002020                HAL_GPIO_ReadPin
 .text.HAL_GPIO_WritePin
                0x000000000800204e       0x30 ./Drivers/STM32F1xx_HAL_Driver/Src/stm32f1xx_hal_gpio.o
                0x000000000800204e                HAL_GPIO_WritePin
 .text.HAL_GPIO_TogglePin
                0x000000000800207e       0x32 ./Drivers/STM32F1xx_HAL_Driver/Src/stm32f1xx_hal_gpio.o
                0x000000000800207e                HAL_GPIO_TogglePin
 .text.HAL_RCC_OscConfig
                0x00000000080020b0      0x504 ./Drivers/STM32F1xx_HAL_Driver/Src/stm32f1xx_hal_rcc.o
                0x00000000080020b0                HAL_RCC_OscConfig
 .text.HAL_RCC_ClockConfig
                0x00000000080025b4      0x1d4 ./Drivers/STM32F1xx_HAL_Driver/Src/stm32f1xx_hal_rcc.o
                0x00000000080025b4                HAL_RCC_ClockConfig
 .text.HAL_RCC_GetSysClockFreq
                0x0000000008002788       0xbc ./Drivers/STM32F1xx_HAL_Driver/Src/stm32f1xx_hal_rcc.o
                0x0000000008002788                HAL_RCC_GetSysClockFreq
 .text.HAL_RCC_GetHCLKFreq
                0x0000000008002844       0x14 ./Drivers/STM32F1xx_HAL_Driver/Src/stm32f1xx_hal_rcc.o
                0x0000000008002844                HAL_RCC_GetHCLKFreq
 .text.HAL_RCC_GetPCLK1Freq
                0x0000000008002858       0x28 ./Drivers/STM32F1xx_HAL_Driver/Src/stm32f1xx_hal_rcc.o
                0x0000000008002858                HAL_RCC_GetPCLK1Freq
 .text.HAL_RCC_GetPCLK2Freq
                0x0000000008002880       0x28 ./Drivers/STM32F1xx_HAL_Driver/Src/stm32f1xx_hal_rcc.o
                0x0000000008002880                HAL_RCC_GetPCLK2Freq
 .text.RCC_Delay
                0x00000000080028a8       0x3c ./Drivers/STM32F1xx_HAL_Driver/Src/stm32f1xx_hal_rcc.o
 .text.HAL_UART_Init
                0x00000000080028e4       0x9a ./Drivers/STM32F1xx_HAL_Driver/Src/stm32f1xx_hal_uart.o
                0x00000000080028e4                HAL_UART_Init
 .text.HAL_UART_Transmit
                0x000000000800297e      0x124 ./Drivers/STM32F1xx_HAL_Driver/Src/stm32f1xx_hal_uart.o
                0x000000000800297e                HAL_UART_Transmit
 *fill*         0x0000000008002aa2        0x2 
 .text.HAL_UART_IRQHandler
                0x0000000008002aa4      0x354 ./Drivers/STM32F1xx_HAL_Driver/Src/stm32f1xx_hal_uart.o
                0x0000000008002aa4                HAL_UART_IRQHandler
 .text.HAL_UART_TxCpltCallback
                0x0000000008002df8       0x12 ./Drivers/STM32F1xx_HAL_Driver/Src/stm32f1xx_hal_uart.o
                0x0000000008002df8                HAL_UART_TxCpltCallback
 .text.HAL_UART_RxCpltCallback
                0x0000000008002e0a       0x12 ./Drivers/STM32F1xx_HAL_Driver/Src/stm32f1xx_hal_uart.o
                0x0000000008002e0a                HAL_UART_RxCpltCallback
 .text.HAL_UART_ErrorCallback
                0x0000000008002e1c       0x12 ./Drivers/STM32F1xx_HAL_Driver/Src/stm32f1xx_hal_uart.o
                0x0000000008002e1c                HAL_UART_ErrorCallback
 .text.HAL_UARTEx_RxEventCallback
                0x0000000008002e2e       0x16 ./Drivers/STM32F1xx_HAL_Driver/Src/stm32f1xx_hal_uart.o
                0x0000000008002e2e                HAL_UARTEx_RxEventCallback
 .text.UART_WaitOnFlagUntilTimeout
                0x0000000008002e44       0x94 ./Drivers/STM32F1xx_HAL_Driver/Src/stm32f1xx_hal_uart.o
 .text.UART_EndRxTransfer
                0x0000000008002ed8       0x58 ./Drivers/STM32F1xx_HAL_Driver/Src/stm32f1xx_hal_uart.o
 .text.UART_DMAAbortOnError
                0x0000000008002f30       0x28 ./Drivers/STM32F1xx_HAL_Driver/Src/stm32f1xx_hal_uart.o
 .text.UART_Transmit_IT
                0x0000000008002f58       0x9e ./Drivers/STM32F1xx_HAL_Driver/Src/stm32f1xx_hal_uart.o
 .text.UART_EndTransmit_IT
                0x0000000008002ff6       0x30 ./Drivers/STM32F1xx_HAL_Driver/Src/stm32f1xx_hal_uart.o
 .text.UART_Receive_IT
                0x0000000008003026      0x152 ./Drivers/STM32F1xx_HAL_Driver/Src/stm32f1xx_hal_uart.o
 .text.UART_SetConfig
                0x0000000008003178      0x11c ./Drivers/STM32F1xx_HAL_Driver/Src/stm32f1xx_hal_uart.o
 .text.__errno  0x0000000008003294        0xc d:/program1/stm32cube/stm32cubeide_1.7.0/stm32cubeide/plugins/com.st.stm32cube.ide.mcu.externaltools.gnu-tools-for-stm32.10.3-2021.10.win32_1.0.0.202111181127/tools/bin/../lib/gcc/arm-none-eabi/10.3.1/../../../../arm-none-eabi/lib/thumb/v7-m/nofp\libc_nano.a(lib_a-errno.o)
                0x0000000008003294                __errno
 .text.__libc_init_array
                0x00000000080032a0       0x48 d:/program1/stm32cube/stm32cubeide_1.7.0/stm32cubeide/plugins/com.st.stm32cube.ide.mcu.externaltools.gnu-tools-for-stm32.10.3-2021.10.win32_1.0.0.202111181127/tools/bin/../lib/gcc/arm-none-eabi/10.3.1/../../../../arm-none-eabi/lib/thumb/v7-m/nofp\libc_nano.a(lib_a-init.o)
                0x00000000080032a0                __libc_init_array
 .text.memset   0x00000000080032e8       0x10 d:/program1/stm32cube/stm32cubeide_1.7.0/stm32cubeide/plugins/com.st.stm32cube.ide.mcu.externaltools.gnu-tools-for-stm32.10.3-2021.10.win32_1.0.0.202111181127/tools/bin/../lib/gcc/arm-none-eabi/10.3.1/../../../../arm-none-eabi/lib/thumb/v7-m/nofp\libc_nano.a(lib_a-memset.o)
                0x00000000080032e8                memset
 .text.sprintf  0x00000000080032f8       0x40 d:/program1/stm32cube/stm32cubeide_1.7.0/stm32cubeide/plugins/com.st.stm32cube.ide.mcu.externaltools.gnu-tools-for-stm32.10.3-2021.10.win32_1.0.0.202111181127/tools/bin/../lib/gcc/arm-none-eabi/10.3.1/../../../../arm-none-eabi/lib/thumb/v7-m/nofp\libc_nano.a(lib_a-sprintf.o)
                0x00000000080032f8                siprintf
                0x00000000080032f8                sprintf
 .text.__ssputs_r
                0x0000000008003338       0xb6 d:/program1/stm32cube/stm32cubeide_1.7.0/stm32cubeide/plugins/com.st.stm32cube.ide.mcu.externaltools.gnu-tools-for-stm32.10.3-2021.10.win32_1.0.0.202111181127/tools/bin/../lib/gcc/arm-none-eabi/10.3.1/../../../../arm-none-eabi/lib/thumb/v7-m/nofp\libc_nano.a(lib_a-nano-svfprintf.o)
                0x0000000008003338                __ssputs_r
 *fill*         0x00000000080033ee        0x2 
 .text._svfprintf_r
                0x00000000080033f0      0x200 d:/program1/stm32cube/stm32cubeide_1.7.0/stm32cubeide/plugins/com.st.stm32cube.ide.mcu.externaltools.gnu-tools-for-stm32.10.3-2021.10.win32_1.0.0.202111181127/tools/bin/../lib/gcc/arm-none-eabi/10.3.1/../../../../arm-none-eabi/lib/thumb/v7-m/nofp\libc_nano.a(lib_a-nano-svfprintf.o)
                0x00000000080033f0                _svfiprintf_r
                0x00000000080033f0                _svfprintf_r
 .text._printf_common
                0x00000000080035f0       0xde d:/program1/stm32cube/stm32cubeide_1.7.0/stm32cubeide/plugins/com.st.stm32cube.ide.mcu.externaltools.gnu-tools-for-stm32.10.3-2021.10.win32_1.0.0.202111181127/tools/bin/../lib/gcc/arm-none-eabi/10.3.1/../../../../arm-none-eabi/lib/thumb/v7-m/nofp\libc_nano.a(lib_a-nano-vfprintf_i.o)
                0x00000000080035f0                _printf_common
 *fill*         0x00000000080036ce        0x2 
 .text._printf_i
                0x00000000080036d0      0x24c d:/program1/stm32cube/stm32cubeide_1.7.0/stm32cubeide/plugins/com.st.stm32cube.ide.mcu.externaltools.gnu-tools-for-stm32.10.3-2021.10.win32_1.0.0.202111181127/tools/bin/../lib/gcc/arm-none-eabi/10.3.1/../../../../arm-none-eabi/lib/thumb/v7-m/nofp\libc_nano.a(lib_a-nano-vfprintf_i.o)
                0x00000000080036d0                _printf_i
 .text.memchr   0x000000000800391c       0x1c d:/program1/stm32cube/stm32cubeide_1.7.0/stm32cubeide/plugins/com.st.stm32cube.ide.mcu.externaltools.gnu-tools-for-stm32.10.3-2021.10.win32_1.0.0.202111181127/tools/bin/../lib/gcc/arm-none-eabi/10.3.1/../../../../arm-none-eabi/lib/thumb/v7-m/nofp\libc_nano.a(lib_a-memchr-stub.o)
                0x000000000800391c                memchr
 .text.memcpy   0x0000000008003938       0x1c d:/program1/stm32cube/stm32cubeide_1.7.0/stm32cubeide/plugins/com.st.stm32cube.ide.mcu.externaltools.gnu-tools-for-stm32.10.3-2021.10.win32_1.0.0.202111181127/tools/bin/../lib/gcc/arm-none-eabi/10.3.1/../../../../arm-none-eabi/lib/thumb/v7-m/nofp\libc_nano.a(lib_a-memcpy-stub.o)
                0x0000000008003938                memcpy
 .text.memmove  0x0000000008003954       0x34 d:/program1/stm32cube/stm32cubeide_1.7.0/stm32cubeide/plugins/com.st.stm32cube.ide.mcu.externaltools.gnu-tools-for-stm32.10.3-2021.10.win32_1.0.0.202111181127/tools/bin/../lib/gcc/arm-none-eabi/10.3.1/../../../../arm-none-eabi/lib/thumb/v7-m/nofp\libc_nano.a(lib_a-memmove.o)
                0x0000000008003954                memmove
 .text._free_r  0x0000000008003988       0x90 d:/program1/stm32cube/stm32cubeide_1.7.0/stm32cubeide/plugins/com.st.stm32cube.ide.mcu.externaltools.gnu-tools-for-stm32.10.3-2021.10.win32_1.0.0.202111181127/tools/bin/../lib/gcc/arm-none-eabi/10.3.1/../../../../arm-none-eabi/lib/thumb/v7-m/nofp\libc_nano.a(lib_a-nano-freer.o)
                0x0000000008003988                _free_r
 .text.sbrk_aligned
                0x0000000008003a18       0x40 d:/program1/stm32cube/stm32cubeide_1.7.0/stm32cubeide/plugins/com.st.stm32cube.ide.mcu.externaltools.gnu-tools-for-stm32.10.3-2021.10.win32_1.0.0.202111181127/tools/bin/../lib/gcc/arm-none-eabi/10.3.1/../../../../arm-none-eabi/lib/thumb/v7-m/nofp\libc_nano.a(lib_a-nano-mallocr.o)
 .text._malloc_r
                0x0000000008003a58       0xe8 d:/program1/stm32cube/stm32cubeide_1.7.0/stm32cubeide/plugins/com.st.stm32cube.ide.mcu.externaltools.gnu-tools-for-stm32.10.3-2021.10.win32_1.0.0.202111181127/tools/bin/../lib/gcc/arm-none-eabi/10.3.1/../../../../arm-none-eabi/lib/thumb/v7-m/nofp\libc_nano.a(lib_a-nano-mallocr.o)
                0x0000000008003a58                _malloc_r
 .text._realloc_r
                0x0000000008003b40       0x5e d:/program1/stm32cube/stm32cubeide_1.7.0/stm32cubeide/plugins/com.st.stm32cube.ide.mcu.externaltools.gnu-tools-for-stm32.10.3-2021.10.win32_1.0.0.202111181127/tools/bin/../lib/gcc/arm-none-eabi/10.3.1/../../../../arm-none-eabi/lib/thumb/v7-m/nofp\libc_nano.a(lib_a-nano-reallocr.o)
                0x0000000008003b40                _realloc_r
 *fill*         0x0000000008003b9e        0x2 
 .text._sbrk_r  0x0000000008003ba0       0x20 d:/program1/stm32cube/stm32cubeide_1.7.0/stm32cubeide/plugins/com.st.stm32cube.ide.mcu.externaltools.gnu-tools-for-stm32.10.3-2021.10.win32_1.0.0.202111181127/tools/bin/../lib/gcc/arm-none-eabi/10.3.1/../../../../arm-none-eabi/lib/thumb/v7-m/nofp\libc_nano.a(lib_a-sbrkr.o)
                0x0000000008003ba0                _sbrk_r
 .text.__malloc_lock
                0x0000000008003bc0        0xc d:/program1/stm32cube/stm32cubeide_1.7.0/stm32cubeide/plugins/com.st.stm32cube.ide.mcu.externaltools.gnu-tools-for-stm32.10.3-2021.10.win32_1.0.0.202111181127/tools/bin/../lib/gcc/arm-none-eabi/10.3.1/../../../../arm-none-eabi/lib/thumb/v7-m/nofp\libc_nano.a(lib_a-mlock.o)
                0x0000000008003bc0                __malloc_lock
 .text.__malloc_unlock
                0x0000000008003bcc        0xc d:/program1/stm32cube/stm32cubeide_1.7.0/stm32cubeide/plugins/com.st.stm32cube.ide.mcu.externaltools.gnu-tools-for-stm32.10.3-2021.10.win32_1.0.0.202111181127/tools/bin/../lib/gcc/arm-none-eabi/10.3.1/../../../../arm-none-eabi/lib/thumb/v7-m/nofp\libc_nano.a(lib_a-mlock.o)
                0x0000000008003bcc                __malloc_unlock
 .text._malloc_usable_size_r
                0x0000000008003bd8       0x10 d:/program1/stm32cube/stm32cubeide_1.7.0/stm32cubeide/plugins/com.st.stm32cube.ide.mcu.externaltools.gnu-tools-for-stm32.10.3-2021.10.win32_1.0.0.202111181127/tools/bin/../lib/gcc/arm-none-eabi/10.3.1/../../../../arm-none-eabi/lib/thumb/v7-m/nofp\libc_nano.a(lib_a-nano-msizer.o)
                0x0000000008003bd8                _malloc_usable_size_r
 .text.__retarget_lock_acquire_recursive
                0x0000000008003be8        0x2 d:/program1/stm32cube/stm32cubeide_1.7.0/stm32cubeide/plugins/com.st.stm32cube.ide.mcu.externaltools.gnu-tools-for-stm32.10.3-2021.10.win32_1.0.0.202111181127/tools/bin/../lib/gcc/arm-none-eabi/10.3.1/../../../../arm-none-eabi/lib/thumb/v7-m/nofp\libc_nano.a(lib_a-lock.o)
                0x0000000008003be8                __retarget_lock_acquire_recursive
 .text.__retarget_lock_release_recursive
                0x0000000008003bea        0x2 d:/program1/stm32cube/stm32cubeide_1.7.0/stm32cubeide/plugins/com.st.stm32cube.ide.mcu.externaltools.gnu-tools-for-stm32.10.3-2021.10.win32_1.0.0.202111181127/tools/bin/../lib/gcc/arm-none-eabi/10.3.1/../../../../arm-none-eabi/lib/thumb/v7-m/nofp\libc_nano.a(lib_a-lock.o)
                0x0000000008003bea                __retarget_lock_release_recursive
 *(.glue_7)
 .glue_7        0x0000000008003bec        0x0 linker stubs
 *(.glue_7t)
 .glue_7t       0x0000000008003bec        0x0 linker stubs
 *(.eh_frame)
 .eh_frame      0x0000000008003bec        0x0 d:/program1/stm32cube/stm32cubeide_1.7.0/stm32cubeide/plugins/com.st.stm32cube.ide.mcu.externaltools.gnu-tools-for-stm32.10.3-2021.10.win32_1.0.0.202111181127/tools/bin/../lib/gcc/arm-none-eabi/10.3.1/thumb/v7-m/nofp/crtbegin.o
 *(.init)
 .init          0x0000000008003bec        0x4 d:/program1/stm32cube/stm32cubeide_1.7.0/stm32cubeide/plugins/com.st.stm32cube.ide.mcu.externaltools.gnu-tools-for-stm32.10.3-2021.10.win32_1.0.0.202111181127/tools/bin/../lib/gcc/arm-none-eabi/10.3.1/thumb/v7-m/nofp/crti.o
                0x0000000008003bec                _init
 .init          0x0000000008003bf0        0x8 d:/program1/stm32cube/stm32cubeide_1.7.0/stm32cubeide/plugins/com.st.stm32cube.ide.mcu.externaltools.gnu-tools-for-stm32.10.3-2021.10.win32_1.0.0.202111181127/tools/bin/../lib/gcc/arm-none-eabi/10.3.1/thumb/v7-m/nofp/crtn.o
 *(.fini)
 .fini          0x0000000008003bf8        0x4 d:/program1/stm32cube/stm32cubeide_1.7.0/stm32cubeide/plugins/com.st.stm32cube.ide.mcu.externaltools.gnu-tools-for-stm32.10.3-2021.10.win32_1.0.0.202111181127/tools/bin/../lib/gcc/arm-none-eabi/10.3.1/thumb/v7-m/nofp/crti.o
                0x0000000008003bf8                _fini
 .fini          0x0000000008003bfc        0x8 d:/program1/stm32cube/stm32cubeide_1.7.0/stm32cubeide/plugins/com.st.stm32cube.ide.mcu.externaltools.gnu-tools-for-stm32.10.3-2021.10.win32_1.0.0.202111181127/tools/bin/../lib/gcc/arm-none-eabi/10.3.1/thumb/v7-m/nofp/crtn.o
                0x0000000008003c04                . = ALIGN (0x4)
                0x0000000008003c04                _etext = .

.vfp11_veneer   0x0000000008003c04        0x0
 .vfp11_veneer  0x0000000008003c04        0x0 linker stubs

.v4_bx          0x0000000008003c04        0x0
 .v4_bx         0x0000000008003c04        0x0 linker stubs

.iplt           0x0000000008003c04        0x0
 .iplt          0x0000000008003c04        0x0 d:/program1/stm32cube/stm32cubeide_1.7.0/stm32cubeide/plugins/com.st.stm32cube.ide.mcu.externaltools.gnu-tools-for-stm32.10.3-2021.10.win32_1.0.0.202111181127/tools/bin/../lib/gcc/arm-none-eabi/10.3.1/thumb/v7-m/nofp/crtbegin.o

.rodata         0x0000000008003c04      0x7e8
                0x0000000008003c04                . = ALIGN (0x4)
 *(.rodata)
 .rodata        0x0000000008003c04       0x1f ./BSP/bsp.o
 *fill*         0x0000000008003c23        0x1 
 .rodata        0x0000000008003c24       0x10 ./Drivers/STM32F1xx_HAL_Driver/Src/stm32f1xx_hal_rcc.o
 *(.rodata*)
 .rodata.Font7x10
                0x0000000008003c34      0x76c ./BSP/oled_fonts.o
                0x0000000008003c34                Font7x10
 .rodata.AHBPrescTable
                0x00000000080043a0       0x10 ./Core/Src/system_stm32f1xx.o
                0x00000000080043a0                AHBPrescTable
 .rodata.APBPrescTable
                0x00000000080043b0        0x8 ./Core/Src/system_stm32f1xx.o
                0x00000000080043b0                APBPrescTable
 .rodata._svfprintf_r.str1.1
                0x00000000080043b8       0x11 d:/program1/stm32cube/stm32cubeide_1.7.0/stm32cubeide/plugins/com.st.stm32cube.ide.mcu.externaltools.gnu-tools-for-stm32.10.3-2021.10.win32_1.0.0.202111181127/tools/bin/../lib/gcc/arm-none-eabi/10.3.1/../../../../arm-none-eabi/lib/thumb/v7-m/nofp\libc_nano.a(lib_a-nano-svfprintf.o)
 .rodata._printf_i.str1.1
                0x00000000080043c9       0x22 d:/program1/stm32cube/stm32cubeide_1.7.0/stm32cubeide/plugins/com.st.stm32cube.ide.mcu.externaltools.gnu-tools-for-stm32.10.3-2021.10.win32_1.0.0.202111181127/tools/bin/../lib/gcc/arm-none-eabi/10.3.1/../../../../arm-none-eabi/lib/thumb/v7-m/nofp\libc_nano.a(lib_a-nano-vfprintf_i.o)
                0x00000000080043ec                . = ALIGN (0x4)
 *fill*         0x00000000080043eb        0x1 

.rel.dyn        0x00000000080043ec        0x0
 .rel.iplt      0x00000000080043ec        0x0 d:/program1/stm32cube/stm32cubeide_1.7.0/stm32cubeide/plugins/com.st.stm32cube.ide.mcu.externaltools.gnu-tools-for-stm32.10.3-2021.10.win32_1.0.0.202111181127/tools/bin/../lib/gcc/arm-none-eabi/10.3.1/thumb/v7-m/nofp/crtbegin.o

.ARM.extab      0x00000000080043ec        0x0
                0x00000000080043ec                . = ALIGN (0x4)
 *(.ARM.extab* .gnu.linkonce.armextab.*)
                0x00000000080043ec                . = ALIGN (0x4)

.ARM            0x00000000080043ec        0x0
                0x00000000080043ec                . = ALIGN (0x4)
                0x00000000080043ec                __exidx_start = .
 *(.ARM.exidx*)
                0x00000000080043ec                __exidx_end = .
                0x00000000080043ec                . = ALIGN (0x4)

.preinit_array  0x00000000080043ec        0x0
                0x00000000080043ec                . = ALIGN (0x4)
                0x00000000080043ec                PROVIDE (__preinit_array_start = .)
 *(.preinit_array*)
                0x00000000080043ec                PROVIDE (__preinit_array_end = .)
                0x00000000080043ec                . = ALIGN (0x4)

.init_array     0x00000000080043ec        0x4
                0x00000000080043ec                . = ALIGN (0x4)
                0x00000000080043ec                PROVIDE (__init_array_start = .)
 *(SORT_BY_NAME(.init_array.*))
 *(.init_array*)
 .init_array    0x00000000080043ec        0x4 d:/program1/stm32cube/stm32cubeide_1.7.0/stm32cubeide/plugins/com.st.stm32cube.ide.mcu.externaltools.gnu-tools-for-stm32.10.3-2021.10.win32_1.0.0.202111181127/tools/bin/../lib/gcc/arm-none-eabi/10.3.1/thumb/v7-m/nofp/crtbegin.o
                0x00000000080043f0                PROVIDE (__init_array_end = .)
                0x00000000080043f0                . = ALIGN (0x4)

.fini_array     0x00000000080043f0        0x4
                0x00000000080043f0                . = ALIGN (0x4)
                [!provide]                        PROVIDE (__fini_array_start = .)
 *(SORT_BY_NAME(.fini_array.*))
 *(.fini_array*)
 .fini_array    0x00000000080043f0        0x4 d:/program1/stm32cube/stm32cubeide_1.7.0/stm32cubeide/plugins/com.st.stm32cube.ide.mcu.externaltools.gnu-tools-for-stm32.10.3-2021.10.win32_1.0.0.202111181127/tools/bin/../lib/gcc/arm-none-eabi/10.3.1/thumb/v7-m/nofp/crtbegin.o
                [!provide]                        PROVIDE (__fini_array_end = .)
                0x00000000080043f4                . = ALIGN (0x4)
                0x00000000080043f4                _sidata = LOADADDR (.data)

.data           0x0000000020000000       0x78 load address 0x00000000080043f4
                0x0000000020000000                . = ALIGN (0x4)
                0x0000000020000000                _sdata = .
 *(.data)
 *(.data*)
 .data.Font_7x10
                0x0000000020000000        0x8 ./BSP/oled_fonts.o
                0x0000000020000000                Font_7x10
 .data.SystemCoreClock
                0x0000000020000008        0x4 ./Core/Src/system_stm32f1xx.o
                0x0000000020000008                SystemCoreClock
 .data.uwTickPrio
                0x000000002000000c        0x4 ./Drivers/STM32F1xx_HAL_Driver/Src/stm32f1xx_hal.o
                0x000000002000000c                uwTickPrio
 .data.uwTickFreq
                0x0000000020000010        0x1 ./Drivers/STM32F1xx_HAL_Driver/Src/stm32f1xx_hal.o
                0x0000000020000010                uwTickFreq
 *fill*         0x0000000020000011        0x3 
 .data._impure_ptr
                0x0000000020000014        0x4 d:/program1/stm32cube/stm32cubeide_1.7.0/stm32cubeide/plugins/com.st.stm32cube.ide.mcu.externaltools.gnu-tools-for-stm32.10.3-2021.10.win32_1.0.0.202111181127/tools/bin/../lib/gcc/arm-none-eabi/10.3.1/../../../../arm-none-eabi/lib/thumb/v7-m/nofp\libc_nano.a(lib_a-impure.o)
                0x0000000020000014                _impure_ptr
 .data.impure_data
                0x0000000020000018       0x60 d:/program1/stm32cube/stm32cubeide_1.7.0/stm32cubeide/plugins/com.st.stm32cube.ide.mcu.externaltools.gnu-tools-for-stm32.10.3-2021.10.win32_1.0.0.202111181127/tools/bin/../lib/gcc/arm-none-eabi/10.3.1/../../../../arm-none-eabi/lib/thumb/v7-m/nofp\libc_nano.a(lib_a-impure.o)
 *(.RamFunc)
 *(.RamFunc*)
                0x0000000020000078                . = ALIGN (0x4)
                0x0000000020000078                _edata = .

.igot.plt       0x0000000020000078        0x0 load address 0x000000000800446c
 .igot.plt      0x0000000020000078        0x0 d:/program1/stm32cube/stm32cubeide_1.7.0/stm32cubeide/plugins/com.st.stm32cube.ide.mcu.externaltools.gnu-tools-for-stm32.10.3-2021.10.win32_1.0.0.202111181127/tools/bin/../lib/gcc/arm-none-eabi/10.3.1/thumb/v7-m/nofp/crtbegin.o
                0x0000000020000078                . = ALIGN (0x4)

.bss            0x0000000020000078      0x2d4 load address 0x000000000800446c
                0x0000000020000078                _sbss = .
                0x0000000020000078                __bss_start__ = _sbss
 *(.bss)
 .bss           0x0000000020000078       0x1c d:/program1/stm32cube/stm32cubeide_1.7.0/stm32cubeide/plugins/com.st.stm32cube.ide.mcu.externaltools.gnu-tools-for-stm32.10.3-2021.10.win32_1.0.0.202111181127/tools/bin/../lib/gcc/arm-none-eabi/10.3.1/thumb/v7-m/nofp/crtbegin.o
 *(.bss*)
 .bss.led_count.1
                0x0000000020000094        0x1 ./BSP/bsp.o
 *fill*         0x0000000020000095        0x3 
 .bss.count.0   0x0000000020000098        0x4 ./BSP/bsp.o
 .bss.beep_on_time
                0x000000002000009c        0x2 ./BSP/bsp_beep.o
                0x000000002000009c                beep_on_time
 .bss.beep_state
                0x000000002000009e        0x1 ./BSP/bsp_beep.o
                0x000000002000009e                beep_state
 *fill*         0x000000002000009f        0x1 
 .bss.key1_state.0
                0x00000000200000a0        0x2 ./BSP/bsp_key.o
 *fill*         0x00000000200000a2        0x2 
 .bss.SSD1306_Buffer
                0x00000000200000a4      0x200 ./BSP/bsp_ssd1306.o
 .bss.SSD1306   0x00000000200002a4        0x6 ./BSP/bsp_ssd1306.o
 *fill*         0x00000000200002aa        0x2 
 .bss.__sbrk_heap_end
                0x00000000200002ac        0x4 ./Core/Src/sysmem.o
 .bss.huart1    0x00000000200002b0       0x44 ./Core/Src/usart.o
                0x00000000200002b0                huart1
 .bss.hdma_usart1_tx
                0x00000000200002f4       0x44 ./Core/Src/usart.o
                0x00000000200002f4                hdma_usart1_tx
 .bss.uwTick    0x0000000020000338        0x4 ./Drivers/STM32F1xx_HAL_Driver/Src/stm32f1xx_hal.o
                0x0000000020000338                uwTick
 .bss.__malloc_free_list
                0x000000002000033c        0x4 d:/program1/stm32cube/stm32cubeide_1.7.0/stm32cubeide/plugins/com.st.stm32cube.ide.mcu.externaltools.gnu-tools-for-stm32.10.3-2021.10.win32_1.0.0.202111181127/tools/bin/../lib/gcc/arm-none-eabi/10.3.1/../../../../arm-none-eabi/lib/thumb/v7-m/nofp\libc_nano.a(lib_a-nano-mallocr.o)
                0x000000002000033c                __malloc_free_list
 .bss.__malloc_sbrk_start
                0x0000000020000340        0x4 d:/program1/stm32cube/stm32cubeide_1.7.0/stm32cubeide/plugins/com.st.stm32cube.ide.mcu.externaltools.gnu-tools-for-stm32.10.3-2021.10.win32_1.0.0.202111181127/tools/bin/../lib/gcc/arm-none-eabi/10.3.1/../../../../arm-none-eabi/lib/thumb/v7-m/nofp\libc_nano.a(lib_a-nano-mallocr.o)
                0x0000000020000340                __malloc_sbrk_start
 .bss.errno     0x0000000020000344        0x4 d:/program1/stm32cube/stm32cubeide_1.7.0/stm32cubeide/plugins/com.st.stm32cube.ide.mcu.externaltools.gnu-tools-for-stm32.10.3-2021.10.win32_1.0.0.202111181127/tools/bin/../lib/gcc/arm-none-eabi/10.3.1/../../../../arm-none-eabi/lib/thumb/v7-m/nofp\libc_nano.a(lib_a-reent.o)
                0x0000000020000344                errno
 .bss.__lock___malloc_recursive_mutex
                0x0000000020000348        0x1 d:/program1/stm32cube/stm32cubeide_1.7.0/stm32cubeide/plugins/com.st.stm32cube.ide.mcu.externaltools.gnu-tools-for-stm32.10.3-2021.10.win32_1.0.0.202111181127/tools/bin/../lib/gcc/arm-none-eabi/10.3.1/../../../../arm-none-eabi/lib/thumb/v7-m/nofp\libc_nano.a(lib_a-lock.o)
                0x0000000020000348                __lock___malloc_recursive_mutex
 *(COMMON)
                0x000000002000034c                . = ALIGN (0x4)
 *fill*         0x0000000020000349        0x3 
                0x000000002000034c                _ebss = .
                0x000000002000034c                __bss_end__ = _ebss

._user_heap_stack
                0x000000002000034c      0x604 load address 0x000000000800446c
                0x0000000020000350                . = ALIGN (0x8)
 *fill*         0x000000002000034c        0x4 
                [!provide]                        PROVIDE (end = .)
                0x0000000020000350                PROVIDE (_end = .)
                0x0000000020000550                . = (. + _Min_Heap_Size)
 *fill*         0x0000000020000350      0x200 
                0x0000000020000950                . = (. + _Min_Stack_Size)
 *fill*         0x0000000020000550      0x400 
                0x0000000020000950                . = ALIGN (0x8)

/DISCARD/
 libc.a(*)
 libm.a(*)
 libgcc.a(*)

.ARM.attributes
                0x0000000000000000       0x29
 *(.ARM.attributes)
 .ARM.attributes
                0x0000000000000000       0x1d d:/program1/stm32cube/stm32cubeide_1.7.0/stm32cubeide/plugins/com.st.stm32cube.ide.mcu.externaltools.gnu-tools-for-stm32.10.3-2021.10.win32_1.0.0.202111181127/tools/bin/../lib/gcc/arm-none-eabi/10.3.1/thumb/v7-m/nofp/crti.o
 .ARM.attributes
                0x000000000000001d       0x2d d:/program1/stm32cube/stm32cubeide_1.7.0/stm32cubeide/plugins/com.st.stm32cube.ide.mcu.externaltools.gnu-tools-for-stm32.10.3-2021.10.win32_1.0.0.202111181127/tools/bin/../lib/gcc/arm-none-eabi/10.3.1/thumb/v7-m/nofp/crtbegin.o
 .ARM.attributes
                0x000000000000004a       0x2d ./BSP/bsp.o
 .ARM.attributes
                0x0000000000000077       0x2d ./BSP/bsp_beep.o
 .ARM.attributes
                0x00000000000000a4       0x2d ./BSP/bsp_io_i2c.o
 .ARM.attributes
                0x00000000000000d1       0x2d ./BSP/bsp_key.o
 .ARM.attributes
                0x00000000000000fe       0x2d ./BSP/bsp_oled.o
 .ARM.attributes
                0x000000000000012b       0x2d ./BSP/bsp_ssd1306.o
 .ARM.attributes
                0x0000000000000158       0x2d ./BSP/oled_fonts.o
 .ARM.attributes
                0x0000000000000185       0x2d ./Core/Src/dma.o
 .ARM.attributes
                0x00000000000001b2       0x2d ./Core/Src/gpio.o
 .ARM.attributes
                0x00000000000001df       0x2d ./Core/Src/main.o
 .ARM.attributes
                0x000000000000020c       0x2d ./Core/Src/stm32f1xx_hal_msp.o
 .ARM.attributes
                0x0000000000000239       0x2d ./Core/Src/stm32f1xx_it.o
 .ARM.attributes
                0x0000000000000266       0x2d ./Core/Src/sysmem.o
 .ARM.attributes
                0x0000000000000293       0x2d ./Core/Src/system_stm32f1xx.o
 .ARM.attributes
                0x00000000000002c0       0x2d ./Core/Src/usart.o
 .ARM.attributes
                0x00000000000002ed       0x21 ./Core/Startup/startup_stm32f103rctx.o
 .ARM.attributes
                0x000000000000030e       0x2d ./Drivers/STM32F1xx_HAL_Driver/Src/stm32f1xx_hal.o
 .ARM.attributes
                0x000000000000033b       0x2d ./Drivers/STM32F1xx_HAL_Driver/Src/stm32f1xx_hal_cortex.o
 .ARM.attributes
                0x0000000000000368       0x2d ./Drivers/STM32F1xx_HAL_Driver/Src/stm32f1xx_hal_dma.o
 .ARM.attributes
                0x0000000000000395       0x2d ./Drivers/STM32F1xx_HAL_Driver/Src/stm32f1xx_hal_gpio.o
 .ARM.attributes
                0x00000000000003c2       0x2d ./Drivers/STM32F1xx_HAL_Driver/Src/stm32f1xx_hal_rcc.o
 .ARM.attributes
                0x00000000000003ef       0x2d ./Drivers/STM32F1xx_HAL_Driver/Src/stm32f1xx_hal_uart.o
 .ARM.attributes
                0x000000000000041c       0x2d d:/program1/stm32cube/stm32cubeide_1.7.0/stm32cubeide/plugins/com.st.stm32cube.ide.mcu.externaltools.gnu-tools-for-stm32.10.3-2021.10.win32_1.0.0.202111181127/tools/bin/../lib/gcc/arm-none-eabi/10.3.1/../../../../arm-none-eabi/lib/thumb/v7-m/nofp\libc_nano.a(lib_a-errno.o)
 .ARM.attributes
                0x0000000000000449       0x2d d:/program1/stm32cube/stm32cubeide_1.7.0/stm32cubeide/plugins/com.st.stm32cube.ide.mcu.externaltools.gnu-tools-for-stm32.10.3-2021.10.win32_1.0.0.202111181127/tools/bin/../lib/gcc/arm-none-eabi/10.3.1/../../../../arm-none-eabi/lib/thumb/v7-m/nofp\libc_nano.a(lib_a-impure.o)
 .ARM.attributes
                0x0000000000000476       0x2d d:/program1/stm32cube/stm32cubeide_1.7.0/stm32cubeide/plugins/com.st.stm32cube.ide.mcu.externaltools.gnu-tools-for-stm32.10.3-2021.10.win32_1.0.0.202111181127/tools/bin/../lib/gcc/arm-none-eabi/10.3.1/../../../../arm-none-eabi/lib/thumb/v7-m/nofp\libc_nano.a(lib_a-init.o)
 .ARM.attributes
                0x00000000000004a3       0x2d d:/program1/stm32cube/stm32cubeide_1.7.0/stm32cubeide/plugins/com.st.stm32cube.ide.mcu.externaltools.gnu-tools-for-stm32.10.3-2021.10.win32_1.0.0.202111181127/tools/bin/../lib/gcc/arm-none-eabi/10.3.1/../../../../arm-none-eabi/lib/thumb/v7-m/nofp\libc_nano.a(lib_a-memset.o)
 .ARM.attributes
                0x00000000000004d0       0x2d d:/program1/stm32cube/stm32cubeide_1.7.0/stm32cubeide/plugins/com.st.stm32cube.ide.mcu.externaltools.gnu-tools-for-stm32.10.3-2021.10.win32_1.0.0.202111181127/tools/bin/../lib/gcc/arm-none-eabi/10.3.1/../../../../arm-none-eabi/lib/thumb/v7-m/nofp\libc_nano.a(lib_a-sprintf.o)
 .ARM.attributes
                0x00000000000004fd       0x2d d:/program1/stm32cube/stm32cubeide_1.7.0/stm32cubeide/plugins/com.st.stm32cube.ide.mcu.externaltools.gnu-tools-for-stm32.10.3-2021.10.win32_1.0.0.202111181127/tools/bin/../lib/gcc/arm-none-eabi/10.3.1/../../../../arm-none-eabi/lib/thumb/v7-m/nofp\libc_nano.a(lib_a-nano-svfprintf.o)
 .ARM.attributes
                0x000000000000052a       0x2d d:/program1/stm32cube/stm32cubeide_1.7.0/stm32cubeide/plugins/com.st.stm32cube.ide.mcu.externaltools.gnu-tools-for-stm32.10.3-2021.10.win32_1.0.0.202111181127/tools/bin/../lib/gcc/arm-none-eabi/10.3.1/../../../../arm-none-eabi/lib/thumb/v7-m/nofp\libc_nano.a(lib_a-nano-vfprintf_i.o)
 .ARM.attributes
                0x0000000000000557       0x2d d:/program1/stm32cube/stm32cubeide_1.7.0/stm32cubeide/plugins/com.st.stm32cube.ide.mcu.externaltools.gnu-tools-for-stm32.10.3-2021.10.win32_1.0.0.202111181127/tools/bin/../lib/gcc/arm-none-eabi/10.3.1/../../../../arm-none-eabi/lib/thumb/v7-m/nofp\libc_nano.a(lib_a-memchr-stub.o)
 .ARM.attributes
                0x0000000000000584       0x2d d:/program1/stm32cube/stm32cubeide_1.7.0/stm32cubeide/plugins/com.st.stm32cube.ide.mcu.externaltools.gnu-tools-for-stm32.10.3-2021.10.win32_1.0.0.202111181127/tools/bin/../lib/gcc/arm-none-eabi/10.3.1/../../../../arm-none-eabi/lib/thumb/v7-m/nofp\libc_nano.a(lib_a-memcpy-stub.o)
 .ARM.attributes
                0x00000000000005b1       0x2d d:/program1/stm32cube/stm32cubeide_1.7.0/stm32cubeide/plugins/com.st.stm32cube.ide.mcu.externaltools.gnu-tools-for-stm32.10.3-2021.10.win32_1.0.0.202111181127/tools/bin/../lib/gcc/arm-none-eabi/10.3.1/../../../../arm-none-eabi/lib/thumb/v7-m/nofp\libc_nano.a(lib_a-memmove.o)
 .ARM.attributes
                0x00000000000005de       0x2d d:/program1/stm32cube/stm32cubeide_1.7.0/stm32cubeide/plugins/com.st.stm32cube.ide.mcu.externaltools.gnu-tools-for-stm32.10.3-2021.10.win32_1.0.0.202111181127/tools/bin/../lib/gcc/arm-none-eabi/10.3.1/../../../../arm-none-eabi/lib/thumb/v7-m/nofp\libc_nano.a(lib_a-nano-freer.o)
 .ARM.attributes
                0x000000000000060b       0x2d d:/program1/stm32cube/stm32cubeide_1.7.0/stm32cubeide/plugins/com.st.stm32cube.ide.mcu.externaltools.gnu-tools-for-stm32.10.3-2021.10.win32_1.0.0.202111181127/tools/bin/../lib/gcc/arm-none-eabi/10.3.1/../../../../arm-none-eabi/lib/thumb/v7-m/nofp\libc_nano.a(lib_a-nano-mallocr.o)
 .ARM.attributes
                0x0000000000000638       0x2d d:/program1/stm32cube/stm32cubeide_1.7.0/stm32cubeide/plugins/com.st.stm32cube.ide.mcu.externaltools.gnu-tools-for-stm32.10.3-2021.10.win32_1.0.0.202111181127/tools/bin/../lib/gcc/arm-none-eabi/10.3.1/../../../../arm-none-eabi/lib/thumb/v7-m/nofp\libc_nano.a(lib_a-nano-reallocr.o)
 .ARM.attributes
                0x0000000000000665       0x2d d:/program1/stm32cube/stm32cubeide_1.7.0/stm32cubeide/plugins/com.st.stm32cube.ide.mcu.externaltools.gnu-tools-for-stm32.10.3-2021.10.win32_1.0.0.202111181127/tools/bin/../lib/gcc/arm-none-eabi/10.3.1/../../../../arm-none-eabi/lib/thumb/v7-m/nofp\libc_nano.a(lib_a-sbrkr.o)
 .ARM.attributes
                0x0000000000000692       0x2d d:/program1/stm32cube/stm32cubeide_1.7.0/stm32cubeide/plugins/com.st.stm32cube.ide.mcu.externaltools.gnu-tools-for-stm32.10.3-2021.10.win32_1.0.0.202111181127/tools/bin/../lib/gcc/arm-none-eabi/10.3.1/../../../../arm-none-eabi/lib/thumb/v7-m/nofp\libc_nano.a(lib_a-mlock.o)
 .ARM.attributes
                0x00000000000006bf       0x2d d:/program1/stm32cube/stm32cubeide_1.7.0/stm32cubeide/plugins/com.st.stm32cube.ide.mcu.externaltools.gnu-tools-for-stm32.10.3-2021.10.win32_1.0.0.202111181127/tools/bin/../lib/gcc/arm-none-eabi/10.3.1/../../../../arm-none-eabi/lib/thumb/v7-m/nofp\libc_nano.a(lib_a-nano-msizer.o)
 .ARM.attributes
                0x00000000000006ec       0x2d d:/program1/stm32cube/stm32cubeide_1.7.0/stm32cubeide/plugins/com.st.stm32cube.ide.mcu.externaltools.gnu-tools-for-stm32.10.3-2021.10.win32_1.0.0.202111181127/tools/bin/../lib/gcc/arm-none-eabi/10.3.1/../../../../arm-none-eabi/lib/thumb/v7-m/nofp\libc_nano.a(lib_a-reent.o)
 .ARM.attributes
                0x0000000000000719       0x2d d:/program1/stm32cube/stm32cubeide_1.7.0/stm32cubeide/plugins/com.st.stm32cube.ide.mcu.externaltools.gnu-tools-for-stm32.10.3-2021.10.win32_1.0.0.202111181127/tools/bin/../lib/gcc/arm-none-eabi/10.3.1/../../../../arm-none-eabi/lib/thumb/v7-m/nofp\libc_nano.a(lib_a-lock.o)
 .ARM.attributes
                0x0000000000000746       0x1d d:/program1/stm32cube/stm32cubeide_1.7.0/stm32cubeide/plugins/com.st.stm32cube.ide.mcu.externaltools.gnu-tools-for-stm32.10.3-2021.10.win32_1.0.0.202111181127/tools/bin/../lib/gcc/arm-none-eabi/10.3.1/thumb/v7-m/nofp/crtn.o
OUTPUT(OLED.elf elf32-littlearm)
LOAD linker stubs
LOAD d:/program1/stm32cube/stm32cubeide_1.7.0/stm32cubeide/plugins/com.st.stm32cube.ide.mcu.externaltools.gnu-tools-for-stm32.10.3-2021.10.win32_1.0.0.202111181127/tools/bin/../lib/gcc/arm-none-eabi/10.3.1/../../../../arm-none-eabi/lib/thumb/v7-m/nofp\libc.a
LOAD d:/program1/stm32cube/stm32cubeide_1.7.0/stm32cubeide/plugins/com.st.stm32cube.ide.mcu.externaltools.gnu-tools-for-stm32.10.3-2021.10.win32_1.0.0.202111181127/tools/bin/../lib/gcc/arm-none-eabi/10.3.1/../../../../arm-none-eabi/lib/thumb/v7-m/nofp\libm.a
LOAD d:/program1/stm32cube/stm32cubeide_1.7.0/stm32cubeide/plugins/com.st.stm32cube.ide.mcu.externaltools.gnu-tools-for-stm32.10.3-2021.10.win32_1.0.0.202111181127/tools/bin/../lib/gcc/arm-none-eabi/10.3.1/thumb/v7-m/nofp\libgcc.a

.debug_info     0x0000000000000000     0x7b51
 .debug_info    0x0000000000000000      0x7ad ./BSP/bsp.o
 .debug_info    0x00000000000007ad      0x279 ./BSP/bsp_beep.o
 .debug_info    0x0000000000000a26      0x387 ./BSP/bsp_io_i2c.o
 .debug_info    0x0000000000000dad      0x1df ./BSP/bsp_key.o
 .debug_info    0x0000000000000f8c      0x25b ./BSP/bsp_oled.o
 .debug_info    0x00000000000011e7      0x9a6 ./BSP/bsp_ssd1306.o
 .debug_info    0x0000000000001b8d      0x1b7 ./BSP/oled_fonts.o
 .debug_info    0x0000000000001d44      0x34c ./Core/Src/dma.o
 .debug_info    0x0000000000002090      0x30b ./Core/Src/gpio.o
 .debug_info    0x000000000000239b      0x2cd ./Core/Src/main.o
 .debug_info    0x0000000000002668      0x210 ./Core/Src/stm32f1xx_hal_msp.o
 .debug_info    0x0000000000002878      0x63f ./Core/Src/stm32f1xx_it.o
 .debug_info    0x0000000000002eb7      0x171 ./Core/Src/sysmem.o
 .debug_info    0x0000000000003028      0x23d ./Core/Src/system_stm32f1xx.o
 .debug_info    0x0000000000003265      0xa1e ./Core/Src/usart.o
 .debug_info    0x0000000000003c83       0x22 ./Core/Startup/startup_stm32f103rctx.o
 .debug_info    0x0000000000003ca5      0x79a ./Drivers/STM32F1xx_HAL_Driver/Src/stm32f1xx_hal.o
 .debug_info    0x000000000000443f      0xb86 ./Drivers/STM32F1xx_HAL_Driver/Src/stm32f1xx_hal_cortex.o
 .debug_info    0x0000000000004fc5      0x73f ./Drivers/STM32F1xx_HAL_Driver/Src/stm32f1xx_hal_dma.o
 .debug_info    0x0000000000005704      0x615 ./Drivers/STM32F1xx_HAL_Driver/Src/stm32f1xx_hal_gpio.o
 .debug_info    0x0000000000005d19      0x860 ./Drivers/STM32F1xx_HAL_Driver/Src/stm32f1xx_hal_rcc.o
 .debug_info    0x0000000000006579     0x15d8 ./Drivers/STM32F1xx_HAL_Driver/Src/stm32f1xx_hal_uart.o

.debug_abbrev   0x0000000000000000     0x2179
 .debug_abbrev  0x0000000000000000      0x1f1 ./BSP/bsp.o
 .debug_abbrev  0x00000000000001f1      0x173 ./BSP/bsp_beep.o
 .debug_abbrev  0x0000000000000364      0x18b ./BSP/bsp_io_i2c.o
 .debug_abbrev  0x00000000000004ef      0x120 ./BSP/bsp_key.o
 .debug_abbrev  0x000000000000060f      0x139 ./BSP/bsp_oled.o
 .debug_abbrev  0x0000000000000748      0x1ed ./BSP/bsp_ssd1306.o
 .debug_abbrev  0x0000000000000935       0xaf ./BSP/oled_fonts.o
 .debug_abbrev  0x00000000000009e4       0xf8 ./Core/Src/dma.o
 .debug_abbrev  0x0000000000000adc      0x134 ./Core/Src/gpio.o
 .debug_abbrev  0x0000000000000c10      0x16e ./Core/Src/main.o
 .debug_abbrev  0x0000000000000d7e       0xd4 ./Core/Src/stm32f1xx_hal_msp.o
 .debug_abbrev  0x0000000000000e52      0x15f ./Core/Src/stm32f1xx_it.o
 .debug_abbrev  0x0000000000000fb1       0xbb ./Core/Src/sysmem.o
 .debug_abbrev  0x000000000000106c      0x13b ./Core/Src/system_stm32f1xx.o
 .debug_abbrev  0x00000000000011a7      0x1ff ./Core/Src/usart.o
 .debug_abbrev  0x00000000000013a6       0x12 ./Core/Startup/startup_stm32f103rctx.o
 .debug_abbrev  0x00000000000013b8      0x1fb ./Drivers/STM32F1xx_HAL_Driver/Src/stm32f1xx_hal.o
 .debug_abbrev  0x00000000000015b3      0x2ed ./Drivers/STM32F1xx_HAL_Driver/Src/stm32f1xx_hal_cortex.o
 .debug_abbrev  0x00000000000018a0      0x1fe ./Drivers/STM32F1xx_HAL_Driver/Src/stm32f1xx_hal_dma.o
 .debug_abbrev  0x0000000000001a9e      0x1bb ./Drivers/STM32F1xx_HAL_Driver/Src/stm32f1xx_hal_gpio.o
 .debug_abbrev  0x0000000000001c59      0x2a8 ./Drivers/STM32F1xx_HAL_Driver/Src/stm32f1xx_hal_rcc.o
 .debug_abbrev  0x0000000000001f01      0x278 ./Drivers/STM32F1xx_HAL_Driver/Src/stm32f1xx_hal_uart.o

.debug_aranges  0x0000000000000000      0x900
 .debug_aranges
                0x0000000000000000       0x30 ./BSP/bsp.o
 .debug_aranges
                0x0000000000000030       0x48 ./BSP/bsp_beep.o
 .debug_aranges
                0x0000000000000078       0x70 ./BSP/bsp_io_i2c.o
 .debug_aranges
                0x00000000000000e8       0x28 ./BSP/bsp_key.o
 .debug_aranges
                0x0000000000000110       0x38 ./BSP/bsp_oled.o
 .debug_aranges
                0x0000000000000148       0xb8 ./BSP/bsp_ssd1306.o
 .debug_aranges
                0x0000000000000200       0x18 ./BSP/oled_fonts.o
 .debug_aranges
                0x0000000000000218       0x20 ./Core/Src/dma.o
 .debug_aranges
                0x0000000000000238       0x20 ./Core/Src/gpio.o
 .debug_aranges
                0x0000000000000258       0x30 ./Core/Src/main.o
 .debug_aranges
                0x0000000000000288       0x20 ./Core/Src/stm32f1xx_hal_msp.o
 .debug_aranges
                0x00000000000002a8       0x70 ./Core/Src/stm32f1xx_it.o
 .debug_aranges
                0x0000000000000318       0x20 ./Core/Src/sysmem.o
 .debug_aranges
                0x0000000000000338       0x28 ./Core/Src/system_stm32f1xx.o
 .debug_aranges
                0x0000000000000360       0x30 ./Core/Src/usart.o
 .debug_aranges
                0x0000000000000390       0x28 ./Core/Startup/startup_stm32f103rctx.o
 .debug_aranges
                0x00000000000003b8       0xe0 ./Drivers/STM32F1xx_HAL_Driver/Src/stm32f1xx_hal.o
 .debug_aranges
                0x0000000000000498      0x100 ./Drivers/STM32F1xx_HAL_Driver/Src/stm32f1xx_hal_cortex.o
 .debug_aranges
                0x0000000000000598       0x80 ./Drivers/STM32F1xx_HAL_Driver/Src/stm32f1xx_hal_dma.o
 .debug_aranges
                0x0000000000000618       0x58 ./Drivers/STM32F1xx_HAL_Driver/Src/stm32f1xx_hal_gpio.o
 .debug_aranges
                0x0000000000000670       0x90 ./Drivers/STM32F1xx_HAL_Driver/Src/stm32f1xx_hal_rcc.o
 .debug_aranges
                0x0000000000000700      0x200 ./Drivers/STM32F1xx_HAL_Driver/Src/stm32f1xx_hal_uart.o

.debug_ranges   0x0000000000000000      0x7d0
 .debug_ranges  0x0000000000000000       0x20 ./BSP/bsp.o
 .debug_ranges  0x0000000000000020       0x38 ./BSP/bsp_beep.o
 .debug_ranges  0x0000000000000058       0x60 ./BSP/bsp_io_i2c.o
 .debug_ranges  0x00000000000000b8       0x18 ./BSP/bsp_key.o
 .debug_ranges  0x00000000000000d0       0x28 ./BSP/bsp_oled.o
 .debug_ranges  0x00000000000000f8       0xa8 ./BSP/bsp_ssd1306.o
 .debug_ranges  0x00000000000001a0       0x10 ./Core/Src/dma.o
 .debug_ranges  0x00000000000001b0       0x10 ./Core/Src/gpio.o
 .debug_ranges  0x00000000000001c0       0x20 ./Core/Src/main.o
 .debug_ranges  0x00000000000001e0       0x10 ./Core/Src/stm32f1xx_hal_msp.o
 .debug_ranges  0x00000000000001f0       0x60 ./Core/Src/stm32f1xx_it.o
 .debug_ranges  0x0000000000000250       0x10 ./Core/Src/sysmem.o
 .debug_ranges  0x0000000000000260       0x18 ./Core/Src/system_stm32f1xx.o
 .debug_ranges  0x0000000000000278       0x20 ./Core/Src/usart.o
 .debug_ranges  0x0000000000000298       0x20 ./Core/Startup/startup_stm32f103rctx.o
 .debug_ranges  0x00000000000002b8       0xd0 ./Drivers/STM32F1xx_HAL_Driver/Src/stm32f1xx_hal.o
 .debug_ranges  0x0000000000000388       0xf0 ./Drivers/STM32F1xx_HAL_Driver/Src/stm32f1xx_hal_cortex.o
 .debug_ranges  0x0000000000000478       0x70 ./Drivers/STM32F1xx_HAL_Driver/Src/stm32f1xx_hal_dma.o
 .debug_ranges  0x00000000000004e8       0x48 ./Drivers/STM32F1xx_HAL_Driver/Src/stm32f1xx_hal_gpio.o
 .debug_ranges  0x0000000000000530       0x80 ./Drivers/STM32F1xx_HAL_Driver/Src/stm32f1xx_hal_rcc.o
 .debug_ranges  0x00000000000005b0      0x220 ./Drivers/STM32F1xx_HAL_Driver/Src/stm32f1xx_hal_uart.o

.debug_macro    0x0000000000000000    0x1a5a7
 .debug_macro   0x0000000000000000      0x38c ./BSP/bsp.o
 .debug_macro   0x000000000000038c      0xa6c ./BSP/bsp.o
 .debug_macro   0x0000000000000df8      0x21b ./BSP/bsp.o
 .debug_macro   0x0000000000001013       0x2e ./BSP/bsp.o
 .debug_macro   0x0000000000001041       0x22 ./BSP/bsp.o
 .debug_macro   0x0000000000001063       0x22 ./BSP/bsp.o
 .debug_macro   0x0000000000001085       0x8e ./BSP/bsp.o
 .debug_macro   0x0000000000001113       0x51 ./BSP/bsp.o
 .debug_macro   0x0000000000001164      0x103 ./BSP/bsp.o
 .debug_macro   0x0000000000001267       0x6a ./BSP/bsp.o
 .debug_macro   0x00000000000012d1      0x1df ./BSP/bsp.o
 .debug_macro   0x00000000000014b0       0x1c ./BSP/bsp.o
 .debug_macro   0x00000000000014cc       0x22 ./BSP/bsp.o
 .debug_macro   0x00000000000014ee       0xbd ./BSP/bsp.o
 .debug_macro   0x00000000000015ab      0xd23 ./BSP/bsp.o
 .debug_macro   0x00000000000022ce     0xfd8c ./BSP/bsp.o
 .debug_macro   0x000000000001205a       0x6d ./BSP/bsp.o
 .debug_macro   0x00000000000120c7     0x3468 ./BSP/bsp.o
 .debug_macro   0x000000000001552f      0x174 ./BSP/bsp.o
 .debug_macro   0x00000000000156a3       0x5c ./BSP/bsp.o
 .debug_macro   0x00000000000156ff      0x5be ./BSP/bsp.o
 .debug_macro   0x0000000000015cbd      0x4d5 ./BSP/bsp.o
 .debug_macro   0x0000000000016192      0x1cb ./BSP/bsp.o
 .debug_macro   0x000000000001635d      0x114 ./BSP/bsp.o
 .debug_macro   0x0000000000016471      0x1ea ./BSP/bsp.o
 .debug_macro   0x000000000001665b       0x27 ./BSP/bsp.o
 .debug_macro   0x0000000000016682      0x144 ./BSP/bsp.o
 .debug_macro   0x00000000000167c6      0x1bc ./BSP/bsp.o
 .debug_macro   0x0000000000016982       0x30 ./BSP/bsp.o
 .debug_macro   0x00000000000169b2       0x3c ./BSP/bsp.o
 .debug_macro   0x00000000000169ee       0x57 ./BSP/bsp.o
 .debug_macro   0x0000000000016a45       0x88 ./BSP/bsp.o
 .debug_macro   0x0000000000016acd      0x24f ./BSP/bsp.o
 .debug_macro   0x0000000000016d1c      0x141 ./BSP/bsp.o
 .debug_macro   0x0000000000016e5d      0x279 ./BSP/bsp.o
 .debug_macro   0x00000000000170d6       0xb5 ./BSP/bsp.o
 .debug_macro   0x000000000001718b       0x40 ./BSP/bsp.o
 .debug_macro   0x00000000000171cb       0x28 ./BSP/bsp.o
 .debug_macro   0x00000000000171f3       0x22 ./BSP/bsp.o
 .debug_macro   0x0000000000017215       0x52 ./BSP/bsp.o
 .debug_macro   0x0000000000017267       0x18 ./BSP/bsp.o
 .debug_macro   0x000000000001727f       0x3c ./BSP/bsp.o
 .debug_macro   0x00000000000172bb       0x34 ./BSP/bsp.o
 .debug_macro   0x00000000000172ef       0x16 ./BSP/bsp.o
 .debug_macro   0x0000000000017305       0x43 ./BSP/bsp.o
 .debug_macro   0x0000000000017348       0x34 ./BSP/bsp.o
 .debug_macro   0x000000000001737c       0x10 ./BSP/bsp.o
 .debug_macro   0x000000000001738c       0x58 ./BSP/bsp.o
 .debug_macro   0x00000000000173e4       0x71 ./BSP/bsp.o
 .debug_macro   0x0000000000017455       0x1c ./BSP/bsp.o
 .debug_macro   0x0000000000017471      0x12a ./BSP/bsp.o
 .debug_macro   0x000000000001759b      0x341 ./BSP/bsp.o
 .debug_macro   0x00000000000178dc       0x10 ./BSP/bsp.o
 .debug_macro   0x00000000000178ec       0x35 ./BSP/bsp.o
 .debug_macro   0x0000000000017921       0x20 ./BSP/bsp.o
 .debug_macro   0x0000000000017941       0x16 ./BSP/bsp.o
 .debug_macro   0x0000000000017957       0x16 ./BSP/bsp.o
 .debug_macro   0x000000000001796d       0x1c ./BSP/bsp.o
 .debug_macro   0x0000000000017989       0x10 ./BSP/bsp.o
 .debug_macro   0x0000000000017999       0x10 ./BSP/bsp.o
 .debug_macro   0x00000000000179a9       0x1c ./BSP/bsp.o
 .debug_macro   0x00000000000179c5       0x52 ./BSP/bsp.o
 .debug_macro   0x0000000000017a17       0x22 ./BSP/bsp.o
 .debug_macro   0x0000000000017a39       0x10 ./BSP/bsp.o
 .debug_macro   0x0000000000017a49       0x52 ./BSP/bsp.o
 .debug_macro   0x0000000000017a9b       0xd5 ./BSP/bsp.o
 .debug_macro   0x0000000000017b70       0x1c ./BSP/bsp.o
 .debug_macro   0x0000000000017b8c       0x3d ./BSP/bsp.o
 .debug_macro   0x0000000000017bc9       0x16 ./BSP/bsp.o
 .debug_macro   0x0000000000017bdf      0x145 ./BSP/bsp.o
 .debug_macro   0x0000000000017d24      0x2d1 ./BSP/bsp_beep.o
 .debug_macro   0x0000000000017ff5       0x22 ./BSP/bsp_beep.o
 .debug_macro   0x0000000000018017      0x2e0 ./BSP/bsp_io_i2c.o
 .debug_macro   0x00000000000182f7       0x22 ./BSP/bsp_io_i2c.o
 .debug_macro   0x0000000000018319      0x2d1 ./BSP/bsp_key.o
 .debug_macro   0x00000000000185ea       0x1c ./BSP/bsp_key.o
 .debug_macro   0x0000000000018606      0x159 ./BSP/bsp_oled.o
 .debug_macro   0x000000000001875f      0x2e6 ./BSP/bsp_ssd1306.o
 .debug_macro   0x0000000000018a45       0x56 ./BSP/bsp_ssd1306.o
 .debug_macro   0x0000000000018a9b      0x140 ./BSP/oled_fonts.o
 .debug_macro   0x0000000000018bdb      0x1a7 ./Core/Src/dma.o
 .debug_macro   0x0000000000018d82      0x1a7 ./Core/Src/gpio.o
 .debug_macro   0x0000000000018f29      0x2d5 ./Core/Src/main.o
 .debug_macro   0x00000000000191fe      0x19d ./Core/Src/stm32f1xx_hal_msp.o
 .debug_macro   0x000000000001939b      0x1a7 ./Core/Src/stm32f1xx_it.o
 .debug_macro   0x0000000000019542       0xff ./Core/Src/sysmem.o
 .debug_macro   0x0000000000019641      0x23b ./Core/Src/sysmem.o
 .debug_macro   0x000000000001987c      0x18e ./Core/Src/system_stm32f1xx.o
 .debug_macro   0x0000000000019a0a      0x1a7 ./Core/Src/usart.o
 .debug_macro   0x0000000000019bb1      0x1b2 ./Drivers/STM32F1xx_HAL_Driver/Src/stm32f1xx_hal.o
 .debug_macro   0x0000000000019d63      0x18e ./Drivers/STM32F1xx_HAL_Driver/Src/stm32f1xx_hal_cortex.o
 .debug_macro   0x0000000000019ef1      0x18e ./Drivers/STM32F1xx_HAL_Driver/Src/stm32f1xx_hal_dma.o
 .debug_macro   0x000000000001a07f      0x1f9 ./Drivers/STM32F1xx_HAL_Driver/Src/stm32f1xx_hal_gpio.o
 .debug_macro   0x000000000001a278      0x1a0 ./Drivers/STM32F1xx_HAL_Driver/Src/stm32f1xx_hal_rcc.o
 .debug_macro   0x000000000001a418      0x18f ./Drivers/STM32F1xx_HAL_Driver/Src/stm32f1xx_hal_uart.o

.debug_line     0x0000000000000000     0xcdf0
 .debug_line    0x0000000000000000      0x944 ./BSP/bsp.o
 .debug_line    0x0000000000000944      0x8eb ./BSP/bsp_beep.o
 .debug_line    0x000000000000122f      0xa94 ./BSP/bsp_io_i2c.o
 .debug_line    0x0000000000001cc3      0x87d ./BSP/bsp_key.o
 .debug_line    0x0000000000002540      0x5c2 ./BSP/bsp_oled.o
 .debug_line    0x0000000000002b02      0xe77 ./BSP/bsp_ssd1306.o
 .debug_line    0x0000000000003979      0x52c ./BSP/oled_fonts.o
 .debug_line    0x0000000000003ea5      0x678 ./Core/Src/dma.o
 .debug_line    0x000000000000451d      0x6a4 ./Core/Src/gpio.o
 .debug_line    0x0000000000004bc1      0x8d0 ./Core/Src/main.o
 .debug_line    0x0000000000005491      0x67d ./Core/Src/stm32f1xx_hal_msp.o
 .debug_line    0x0000000000005b0e      0x76f ./Core/Src/stm32f1xx_it.o
 .debug_line    0x000000000000627d      0x535 ./Core/Src/sysmem.o
 .debug_line    0x00000000000067b2      0x6fb ./Core/Src/system_stm32f1xx.o
 .debug_line    0x0000000000006ead      0x712 ./Core/Src/usart.o
 .debug_line    0x00000000000075bf       0x87 ./Core/Startup/startup_stm32f103rctx.o
 .debug_line    0x0000000000007646      0x928 ./Drivers/STM32F1xx_HAL_Driver/Src/stm32f1xx_hal.o
 .debug_line    0x0000000000007f6e      0xb10 ./Drivers/STM32F1xx_HAL_Driver/Src/stm32f1xx_hal_cortex.o
 .debug_line    0x0000000000008a7e     0x1252 ./Drivers/STM32F1xx_HAL_Driver/Src/stm32f1xx_hal_dma.o
 .debug_line    0x0000000000009cd0      0x9e7 ./Drivers/STM32F1xx_HAL_Driver/Src/stm32f1xx_hal_gpio.o
 .debug_line    0x000000000000a6b7      0xd36 ./Drivers/STM32F1xx_HAL_Driver/Src/stm32f1xx_hal_rcc.o
 .debug_line    0x000000000000b3ed     0x1a03 ./Drivers/STM32F1xx_HAL_Driver/Src/stm32f1xx_hal_uart.o

.debug_str      0x0000000000000000    0x91115
 .debug_str     0x0000000000000000    0x8ea83 ./BSP/bsp.o
                                      0x8eed3 (size before relaxing)
 .debug_str     0x000000000008ea83       0xa0 ./BSP/bsp_beep.o
                                      0x8db2b (size before relaxing)
 .debug_str     0x000000000008eb23      0x20f ./BSP/bsp_io_i2c.o
                                      0x8dcb1 (size before relaxing)
 .debug_str     0x000000000008ed32       0x2f ./BSP/bsp_key.o
                                      0x8dac8 (size before relaxing)
 .debug_str     0x000000000008ed61       0xe8 ./BSP/bsp_oled.o
                                       0x6e6e (size before relaxing)
 .debug_str     0x000000000008ee49      0x282 ./BSP/bsp_ssd1306.o
                                      0x8ded9 (size before relaxing)
 .debug_str     0x000000000008f0cb       0x47 ./BSP/oled_fonts.o
                                       0x6d88 (size before relaxing)
 .debug_str     0x000000000008f112      0x39d ./Core/Src/dma.o
                                      0x8ae0f (size before relaxing)
 .debug_str     0x000000000008f4af       0x5a ./Core/Src/gpio.o
                                      0x8aacd (size before relaxing)
 .debug_str     0x000000000008f509      0x19a ./Core/Src/main.o
                                      0x8dc1e (size before relaxing)
 .debug_str     0x000000000008f6a3       0x5a ./Core/Src/stm32f1xx_hal_msp.o
                                      0x8aa55 (size before relaxing)
 .debug_str     0x000000000008f6fd      0x12a ./Core/Src/stm32f1xx_it.o
                                      0x8aeb8 (size before relaxing)
 .debug_str     0x000000000008f827      0x4da ./Core/Src/sysmem.o
                                       0x5d4d (size before relaxing)
 .debug_str     0x000000000008fd01       0x7e ./Core/Src/system_stm32f1xx.o
                                      0x8a9b6 (size before relaxing)
 .debug_str     0x000000000008fd7f       0x91 ./Core/Src/usart.o
                                      0x8b317 (size before relaxing)
 .debug_str     0x000000000008fe10       0x36 ./Core/Startup/startup_stm32f103rctx.o
                                         0x67 (size before relaxing)
 .debug_str     0x000000000008fe46      0x384 ./Drivers/STM32F1xx_HAL_Driver/Src/stm32f1xx_hal.o
                                      0x8b1cd (size before relaxing)
 .debug_str     0x00000000000901ca      0x294 ./Drivers/STM32F1xx_HAL_Driver/Src/stm32f1xx_hal_cortex.o
                                      0x8b119 (size before relaxing)
 .debug_str     0x000000000009045e      0x206 ./Drivers/STM32F1xx_HAL_Driver/Src/stm32f1xx_hal_dma.o
                                      0x8ad5f (size before relaxing)
 .debug_str     0x0000000000090664      0x2bd ./Drivers/STM32F1xx_HAL_Driver/Src/stm32f1xx_hal_gpio.o
                                      0x8ad3c (size before relaxing)
 .debug_str     0x0000000000090921      0x229 ./Drivers/STM32F1xx_HAL_Driver/Src/stm32f1xx_hal_rcc.o
                                      0x8ade5 (size before relaxing)
 .debug_str     0x0000000000090b4a      0x5cb ./Drivers/STM32F1xx_HAL_Driver/Src/stm32f1xx_hal_uart.o
                                      0x8b3f0 (size before relaxing)

.comment        0x0000000000000000       0x50
 .comment       0x0000000000000000       0x50 ./BSP/bsp.o
                                         0x51 (size before relaxing)
 .comment       0x0000000000000050       0x51 ./BSP/bsp_beep.o
 .comment       0x0000000000000050       0x51 ./BSP/bsp_io_i2c.o
 .comment       0x0000000000000050       0x51 ./BSP/bsp_key.o
 .comment       0x0000000000000050       0x51 ./BSP/bsp_oled.o
 .comment       0x0000000000000050       0x51 ./BSP/bsp_ssd1306.o
 .comment       0x0000000000000050       0x51 ./BSP/oled_fonts.o
 .comment       0x0000000000000050       0x51 ./Core/Src/dma.o
 .comment       0x0000000000000050       0x51 ./Core/Src/gpio.o
 .comment       0x0000000000000050       0x51 ./Core/Src/main.o
 .comment       0x0000000000000050       0x51 ./Core/Src/stm32f1xx_hal_msp.o
 .comment       0x0000000000000050       0x51 ./Core/Src/stm32f1xx_it.o
 .comment       0x0000000000000050       0x51 ./Core/Src/sysmem.o
 .comment       0x0000000000000050       0x51 ./Core/Src/system_stm32f1xx.o
 .comment       0x0000000000000050       0x51 ./Core/Src/usart.o
 .comment       0x0000000000000050       0x51 ./Drivers/STM32F1xx_HAL_Driver/Src/stm32f1xx_hal.o
 .comment       0x0000000000000050       0x51 ./Drivers/STM32F1xx_HAL_Driver/Src/stm32f1xx_hal_cortex.o
 .comment       0x0000000000000050       0x51 ./Drivers/STM32F1xx_HAL_Driver/Src/stm32f1xx_hal_dma.o
 .comment       0x0000000000000050       0x51 ./Drivers/STM32F1xx_HAL_Driver/Src/stm32f1xx_hal_gpio.o
 .comment       0x0000000000000050       0x51 ./Drivers/STM32F1xx_HAL_Driver/Src/stm32f1xx_hal_rcc.o
 .comment       0x0000000000000050       0x51 ./Drivers/STM32F1xx_HAL_Driver/Src/stm32f1xx_hal_uart.o

.debug_frame    0x0000000000000000     0x2460
 .debug_frame   0x0000000000000000       0x7c ./BSP/bsp.o
 .debug_frame   0x000000000000007c       0xe0 ./BSP/bsp_beep.o
 .debug_frame   0x000000000000015c      0x178 ./BSP/bsp_io_i2c.o
 .debug_frame   0x00000000000002d4       0x50 ./BSP/bsp_key.o
 .debug_frame   0x0000000000000324       0x90 ./BSP/bsp_oled.o
 .debug_frame   0x00000000000003b4      0x2fc ./BSP/bsp_ssd1306.o
 .debug_frame   0x00000000000006b0       0x34 ./Core/Src/dma.o
 .debug_frame   0x00000000000006e4       0x34 ./Core/Src/gpio.o
 .debug_frame   0x0000000000000718       0x68 ./Core/Src/main.o
 .debug_frame   0x0000000000000780       0x38 ./Core/Src/stm32f1xx_hal_msp.o
 .debug_frame   0x00000000000007b8      0x13c ./Core/Src/stm32f1xx_it.o
 .debug_frame   0x00000000000008f4       0x34 ./Core/Src/sysmem.o
 .debug_frame   0x0000000000000928       0x58 ./Core/Src/system_stm32f1xx.o
 .debug_frame   0x0000000000000980       0x74 ./Core/Src/usart.o
 .debug_frame   0x00000000000009f4      0x334 ./Drivers/STM32F1xx_HAL_Driver/Src/stm32f1xx_hal.o
 .debug_frame   0x0000000000000d28      0x428 ./Drivers/STM32F1xx_HAL_Driver/Src/stm32f1xx_hal_cortex.o
 .debug_frame   0x0000000000001150      0x20c ./Drivers/STM32F1xx_HAL_Driver/Src/stm32f1xx_hal_dma.o
 .debug_frame   0x000000000000135c      0x14c ./Drivers/STM32F1xx_HAL_Driver/Src/stm32f1xx_hal_gpio.o
 .debug_frame   0x00000000000014a8      0x21c ./Drivers/STM32F1xx_HAL_Driver/Src/stm32f1xx_hal_rcc.o
 .debug_frame   0x00000000000016c4      0x914 ./Drivers/STM32F1xx_HAL_Driver/Src/stm32f1xx_hal_uart.o
 .debug_frame   0x0000000000001fd8       0x20 d:/program1/stm32cube/stm32cubeide_1.7.0/stm32cubeide/plugins/com.st.stm32cube.ide.mcu.externaltools.gnu-tools-for-stm32.10.3-2021.10.win32_1.0.0.202111181127/tools/bin/../lib/gcc/arm-none-eabi/10.3.1/../../../../arm-none-eabi/lib/thumb/v7-m/nofp\libc_nano.a(lib_a-errno.o)
 .debug_frame   0x0000000000001ff8       0x2c d:/program1/stm32cube/stm32cubeide_1.7.0/stm32cubeide/plugins/com.st.stm32cube.ide.mcu.externaltools.gnu-tools-for-stm32.10.3-2021.10.win32_1.0.0.202111181127/tools/bin/../lib/gcc/arm-none-eabi/10.3.1/../../../../arm-none-eabi/lib/thumb/v7-m/nofp\libc_nano.a(lib_a-init.o)
 .debug_frame   0x0000000000002024       0x20 d:/program1/stm32cube/stm32cubeide_1.7.0/stm32cubeide/plugins/com.st.stm32cube.ide.mcu.externaltools.gnu-tools-for-stm32.10.3-2021.10.win32_1.0.0.202111181127/tools/bin/../lib/gcc/arm-none-eabi/10.3.1/../../../../arm-none-eabi/lib/thumb/v7-m/nofp\libc_nano.a(lib_a-memset.o)
 .debug_frame   0x0000000000002044       0x6c d:/program1/stm32cube/stm32cubeide_1.7.0/stm32cubeide/plugins/com.st.stm32cube.ide.mcu.externaltools.gnu-tools-for-stm32.10.3-2021.10.win32_1.0.0.202111181127/tools/bin/../lib/gcc/arm-none-eabi/10.3.1/../../../../arm-none-eabi/lib/thumb/v7-m/nofp\libc_nano.a(lib_a-sprintf.o)
 .debug_frame   0x00000000000020b0       0x90 d:/program1/stm32cube/stm32cubeide_1.7.0/stm32cubeide/plugins/com.st.stm32cube.ide.mcu.externaltools.gnu-tools-for-stm32.10.3-2021.10.win32_1.0.0.202111181127/tools/bin/../lib/gcc/arm-none-eabi/10.3.1/../../../../arm-none-eabi/lib/thumb/v7-m/nofp\libc_nano.a(lib_a-nano-svfprintf.o)
 .debug_frame   0x0000000000002140       0x60 d:/program1/stm32cube/stm32cubeide_1.7.0/stm32cubeide/plugins/com.st.stm32cube.ide.mcu.externaltools.gnu-tools-for-stm32.10.3-2021.10.win32_1.0.0.202111181127/tools/bin/../lib/gcc/arm-none-eabi/10.3.1/../../../../arm-none-eabi/lib/thumb/v7-m/nofp\libc_nano.a(lib_a-nano-vfprintf_i.o)
 .debug_frame   0x00000000000021a0       0x28 d:/program1/stm32cube/stm32cubeide_1.7.0/stm32cubeide/plugins/com.st.stm32cube.ide.mcu.externaltools.gnu-tools-for-stm32.10.3-2021.10.win32_1.0.0.202111181127/tools/bin/../lib/gcc/arm-none-eabi/10.3.1/../../../../arm-none-eabi/lib/thumb/v7-m/nofp\libc_nano.a(lib_a-memchr-stub.o)
 .debug_frame   0x00000000000021c8       0x28 d:/program1/stm32cube/stm32cubeide_1.7.0/stm32cubeide/plugins/com.st.stm32cube.ide.mcu.externaltools.gnu-tools-for-stm32.10.3-2021.10.win32_1.0.0.202111181127/tools/bin/../lib/gcc/arm-none-eabi/10.3.1/../../../../arm-none-eabi/lib/thumb/v7-m/nofp\libc_nano.a(lib_a-memcpy-stub.o)
 .debug_frame   0x00000000000021f0       0x28 d:/program1/stm32cube/stm32cubeide_1.7.0/stm32cubeide/plugins/com.st.stm32cube.ide.mcu.externaltools.gnu-tools-for-stm32.10.3-2021.10.win32_1.0.0.202111181127/tools/bin/../lib/gcc/arm-none-eabi/10.3.1/../../../../arm-none-eabi/lib/thumb/v7-m/nofp\libc_nano.a(lib_a-memmove.o)
 .debug_frame   0x0000000000002218       0x38 d:/program1/stm32cube/stm32cubeide_1.7.0/stm32cubeide/plugins/com.st.stm32cube.ide.mcu.externaltools.gnu-tools-for-stm32.10.3-2021.10.win32_1.0.0.202111181127/tools/bin/../lib/gcc/arm-none-eabi/10.3.1/../../../../arm-none-eabi/lib/thumb/v7-m/nofp\libc_nano.a(lib_a-nano-freer.o)
 .debug_frame   0x0000000000002250       0x4c d:/program1/stm32cube/stm32cubeide_1.7.0/stm32cubeide/plugins/com.st.stm32cube.ide.mcu.externaltools.gnu-tools-for-stm32.10.3-2021.10.win32_1.0.0.202111181127/tools/bin/../lib/gcc/arm-none-eabi/10.3.1/../../../../arm-none-eabi/lib/thumb/v7-m/nofp\libc_nano.a(lib_a-nano-mallocr.o)
 .debug_frame   0x000000000000229c       0x3c d:/program1/stm32cube/stm32cubeide_1.7.0/stm32cubeide/plugins/com.st.stm32cube.ide.mcu.externaltools.gnu-tools-for-stm32.10.3-2021.10.win32_1.0.0.202111181127/tools/bin/../lib/gcc/arm-none-eabi/10.3.1/../../../../arm-none-eabi/lib/thumb/v7-m/nofp\libc_nano.a(lib_a-nano-reallocr.o)
 .debug_frame   0x00000000000022d8       0x2c d:/program1/stm32cube/stm32cubeide_1.7.0/stm32cubeide/plugins/com.st.stm32cube.ide.mcu.externaltools.gnu-tools-for-stm32.10.3-2021.10.win32_1.0.0.202111181127/tools/bin/../lib/gcc/arm-none-eabi/10.3.1/../../../../arm-none-eabi/lib/thumb/v7-m/nofp\libc_nano.a(lib_a-sbrkr.o)
 .debug_frame   0x0000000000002304       0x30 d:/program1/stm32cube/stm32cubeide_1.7.0/stm32cubeide/plugins/com.st.stm32cube.ide.mcu.externaltools.gnu-tools-for-stm32.10.3-2021.10.win32_1.0.0.202111181127/tools/bin/../lib/gcc/arm-none-eabi/10.3.1/../../../../arm-none-eabi/lib/thumb/v7-m/nofp\libc_nano.a(lib_a-mlock.o)
 .debug_frame   0x0000000000002334       0x20 d:/program1/stm32cube/stm32cubeide_1.7.0/stm32cubeide/plugins/com.st.stm32cube.ide.mcu.externaltools.gnu-tools-for-stm32.10.3-2021.10.win32_1.0.0.202111181127/tools/bin/../lib/gcc/arm-none-eabi/10.3.1/../../../../arm-none-eabi/lib/thumb/v7-m/nofp\libc_nano.a(lib_a-nano-msizer.o)
 .debug_frame   0x0000000000002354       0x5c d:/program1/stm32cube/stm32cubeide_1.7.0/stm32cubeide/plugins/com.st.stm32cube.ide.mcu.externaltools.gnu-tools-for-stm32.10.3-2021.10.win32_1.0.0.202111181127/tools/bin/../lib/gcc/arm-none-eabi/10.3.1/../../../../arm-none-eabi/lib/thumb/v7-m/nofp\libc_nano.a(lib_a-reent.o)
 .debug_frame   0x00000000000023b0       0xb0 d:/program1/stm32cube/stm32cubeide_1.7.0/stm32cubeide/plugins/com.st.stm32cube.ide.mcu.externaltools.gnu-tools-for-stm32.10.3-2021.10.win32_1.0.0.202111181127/tools/bin/../lib/gcc/arm-none-eabi/10.3.1/../../../../arm-none-eabi/lib/thumb/v7-m/nofp\libc_nano.a(lib_a-lock.o)
