../BSP/bsp_icm20948.c:16:13:ICM20948_NoActive	8	static
../BSP/bsp_icm20948.c:21:13:ICM20948_Active	8	static
../BSP/bsp_icm20948.c:26:13:select_user_bank	24	static
../BSP/bsp_icm20948.c:37:16:read_single_reg	24	static
../BSP/bsp_icm20948.c:50:13:write_single_reg	24	static
../BSP/bsp_icm20948.c:63:17:read_multiple_reg	24	static
../BSP/bsp_icm20948.c:77:13:write_multiple_reg	24	static
../BSP/bsp_icm20948.c:88:16:read_single_mag_reg	16	static
../BSP/bsp_icm20948.c:98:13:write_single_mag_reg	16	static
../BSP/bsp_icm20948.c:106:17:read_multiple_mag_reg	16	static
../BSP/bsp_icm20948.c:117:13:ICM20948_device_reset	8	static
../BSP/bsp_icm20948.c:123:13:AK09916_soft_reset	8	static
../BSP/bsp_icm20948.c:129:13:ICM20948_wakeup	16	static
../BSP/bsp_icm20948.c:138:13:ICM20948_spi_slave_enable	16	static
../BSP/bsp_icm20948.c:146:13:ICM20948_i2c_master_reset	16	static
../BSP/bsp_icm20948.c:154:13:ICM20948_i2c_master_enable	16	static
../BSP/bsp_icm20948.c:163:13:ICM20948_i2c_master_clk_frq	24	static
../BSP/bsp_icm20948.c:171:13:ICM20948_clock_source	24	static
../BSP/bsp_icm20948.c:179:13:ICM20948_odr_align_enable	8	static
../BSP/bsp_icm20948.c:184:13:ICM20948_gyro_low_pass_filter	24	static
../BSP/bsp_icm20948.c:192:13:ICM20948_accel_low_pass_filter	24	static
../BSP/bsp_icm20948.c:200:13:ICM20948_gyro_sample_rate_divider	16	static
../BSP/bsp_icm20948.c:205:13:ICM20948_accel_sample_rate_divider	24	static
../BSP/bsp_icm20948.c:214:13:AK09916_operation_mode_setting	16	static
../BSP/bsp_icm20948.c:220:13:ICM20948_gyro_calibration	40	static
../BSP/bsp_icm20948.c:252:13:ICM20948_accel_calibration	72	static
../BSP/bsp_icm20948.c:310:13:ICM20948_gyro_full_scale_select	24	static
../BSP/bsp_icm20948.c:337:13:ICM20948_accel_full_scale_select	24	static
../BSP/bsp_icm20948.c:367:6:ICM20948_init	8	static
../BSP/bsp_icm20948.c:392:6:AK09916_init	8	static
../BSP/bsp_icm20948.c:404:6:ICM20948_who_am_i	16	static
../BSP/bsp_icm20948.c:414:6:AK09916_who_am_i	16	static
../BSP/bsp_icm20948.c:424:6:ICM20948_gyro_read	24	static
../BSP/bsp_icm20948.c:433:6:ICM20948_accel_read	24	static
../BSP/bsp_icm20948.c:444:6:AK09916_mag_read	32	static
../BSP/bsp_icm20948.c:464:6:ICM20948_gyro_read_dps	16	static
../BSP/bsp_icm20948.c:473:6:ICM20948_accel_read_g	16	static
../BSP/bsp_icm20948.c:482:6:AK09916_mag_read_uT	24	static
../BSP/bsp_icm20948.c:494:6:ICM20948_Read_Data_Handle	40	static
