../BSP/bsp_io_i2c.c:5:13:Delay_For_Pin	24	static
../BSP/bsp_io_i2c.c:17:6:IIC_Init	8	static
../BSP/bsp_io_i2c.c:24:6:IIC_Start	8	static
../BSP/bsp_io_i2c.c:36:6:IIC_Stop	8	static
../BSP/bsp_io_i2c.c:51:9:IIC_Wait_Ack	16	static
../BSP/bsp_io_i2c.c:71:6:IIC_Ack	8	static
../BSP/bsp_io_i2c.c:82:6:IIC_NAck	8	static
../BSP/bsp_io_i2c.c:95:6:IIC_Send_Byte	24	static
../BSP/bsp_io_i2c.c:113:9:IIC_Read_Byte	24	static
../BSP/bsp_io_i2c.c:140:9:IIC_Write_Byte	16	static
../BSP/bsp_io_i2c.c:163:9:IIC_Write_Len	24	static
