../BSP/bsp_ssd1306.c:25:17:ABS	24	static
../BSP/bsp_ssd1306.c:33:9:SSD1306_Init	16	static
../BSP/bsp_ssd1306.c:87:6:SSD1306_UpdateScreen	16	static
../BSP/bsp_ssd1306.c:102:6:SSD1306_ToggleInvert	16	static
../BSP/bsp_ssd1306.c:116:6:SSD1306_Fill	16	static
../BSP/bsp_ssd1306.c:122:6:SSD1306_DrawPixel	16	static
../BSP/bsp_ssd1306.c:146:6:SSD1306_GotoXY	16	static
../BSP/bsp_ssd1306.c:152:6:SSD1306_Putc	32	static
../BSP/bsp_ssd1306.c:186:6:SSD1306_Puts	24	static
../BSP/bsp_ssd1306.c:206:6:SSD1306_DrawLine	40	static
../BSP/bsp_ssd1306.c:307:6:SSD1306_DrawRectangle	32	static
../BSP/bsp_ssd1306.c:335:6:SSD1306_DrawFilledRectangle	40	static
../BSP/bsp_ssd1306.c:366:6:SSD1306_DrawTriangle	32	static
../BSP/bsp_ssd1306.c:374:6:SSD1306_DrawFilledTriangle	64	static
../BSP/bsp_ssd1306.c:442:6:SSD1306_DrawCircle	40	static
../BSP/bsp_ssd1306.c:479:6:SSD1306_DrawFilledCircle	48	static
../BSP/bsp_ssd1306.c:513:6:SSD1306_ON	8	static
../BSP/bsp_ssd1306.c:519:6:SSD1306_OFF	8	static
../BSP/bsp_ssd1306.c:531:6:ssd1306_I2C_WriteMulti	16	static
../BSP/bsp_ssd1306.c:536:6:ssd1306_I2C_Write	16	static
